crkdown MIXER write cpu=0 addr=404018 reg=12 data=0000 be=01 A=000428:13fc B=000000:0000
crkdown IRQ write cpu=0 addr=a00004 reg=2 data=0808 be=01 timer=000 mode=0 allowb=00
crkdown IRQ write cpu=0 addr=a00006 reg=3 data=0000 be=01 timer=000 mode=0 allowb=00
crkdown progress clocks=50000000/320000000 target=8 Ainsn=1308118 Binsn=0 media=0/0 p4=0/0 bytes=0 tracks=0 checksum=811c9dc5 release=0 frames=0 attract=0/120 changes=0 last=0 unknown=0 cap=0 raster=277,388
crkdown cpuB-diag fstate=0 busy=0 done=0 b_as_n=1 b_dtack_n=1 bus_req=0 bus_cpu=0 bus_ack=0 b_mem_req=0 b_mem_ack=0 bc_hit=0 bc_fill=0 bc_snoop=0 bc_window=0 bc_q_valid=1 io_cnt1=0 sub_reset=0 sub_reset_count=0 gslow=0 gslow_count=0 phi1=0 phi2=0 b_phi1=0 b_phi2=0 b_pc=000000
crkdown first TILE cpu=0 addr=200000 data=0000 be=11
crkdown first CHAR cpu=0 addr=280000 data=0000 be=11
crkdown first PALETTE cpu=0 addr=400000 data=0000 be=11
crkdown first SPRITE cpu=0 addr=600000 data=0000 be=11
crkdown progress clocks=100000000/320000000 target=8 Ainsn=2619210 Binsn=0 media=0/0 p4=0/0 bytes=0 tracks=0 checksum=811c9dc5 release=0 frames=0 attract=0/120 changes=0 last=0 unknown=0 cap=0 raster=607,354
crkdown cpuB-diag fstate=0 busy=0 done=0 b_as_n=1 b_dtack_n=1 bus_req=0 bus_cpu=0 bus_ack=0 b_mem_req=0 b_mem_ack=0 bc_hit=0 bc_fill=0 bc_snoop=0 bc_window=0 bc_q_valid=1 io_cnt1=0 sub_reset=0 sub_reset_count=0 gslow=0 gslow_count=0 phi1=0 phi2=1 b_phi1=0 b_phi2=1 b_pc=000000
crkdown progress clocks=150000000/320000000 target=8 Ainsn=3898044 Binsn=0 media=0/0 p4=0/0 bytes=0 tracks=0 checksum=811c9dc5 release=0 frames=0 attract=0/120 changes=0 last=0 unknown=0 cap=0 raster=282,321
crkdown cpuB-diag fstate=0 busy=0 done=0 b_as_n=1 b_dtack_n=1 bus_req=0 bus_cpu=0 bus_ack=0 b_mem_req=0 b_mem_ack=0 bc_hit=0 bc_fill=0 bc_snoop=0 bc_window=0 bc_q_valid=1 io_cnt1=0 sub_reset=0 sub_reset_count=0 gslow=0 gslow_count=0 phi1=1 phi2=0 b_phi1=1 b_phi2=0 b_pc=000000
crkdown MIXER write cpu=0 addr=40401a reg=13 data=0101 be=01 A=0005c6:13fc B=000000:0000
crkdown IRQ  read cpu=0 addr=a00004 reg=2 data=ff00 be=01 timer=000 mode=0 allowb=00
crkdown IRQ  read cpu=0 addr=a00004 reg=2 data=0bf5 be=01 timer=000 mode=0 allowb=00
crkdown IRQ  read cpu=0 addr=a00004 reg=2 data=783f be=01 timer=000 mode=0 allowb=00
crkdown IRQ  read cpu=0 addr=a00004 reg=2 data=5d4f be=01 timer=000 mode=0 allowb=00
crkdown IRQ  read cpu=0 addr=a00004 reg=2 data=425f be=01 timer=000 mode=0 allowb=00
crkdown IRQ  read cpu=0 addr=a00004 reg=2 data=276f be=01 timer=000 mode=0 allowb=00
crkdown IRQ  read cpu=0 addr=a00004 reg=2 data=0c7f be=01 timer=000 mode=0 allowb=00
crkdown IRQ  read cpu=0 addr=a00004 reg=2 data=f9bd be=01 timer=000 mode=0 allowb=00
crkdown IRQ  read cpu=0 addr=a00004 reg=2 data=decd be=01 timer=000 mode=0 allowb=00
crkdown IRQ  read cpu=0 addr=a00004 reg=2 data=c3dd be=01 timer=000 mode=0 allowb=00
crkdown IRQ  read cpu=0 addr=a00004 reg=2 data=a8ed be=01 timer=000 mode=0 allowb=00
crkdown IRQ  read cpu=0 addr=a00004 reg=2 data=8dfd be=01 timer=000 mode=0 allowb=00
crkdown IRQ  read cpu=0 addr=a00004 reg=2 data=730d be=01 timer=000 mode=0 allowb=00
crkdown IRQ  read cpu=0 addr=a00004 reg=2 data=581d be=01 timer=000 mode=0 allowb=00
crkdown IRQ  read cpu=0 addr=a00004 reg=2 data=3d2d be=01 timer=000 mode=0 allowb=00
crkdown IRQ  read cpu=0 addr=a00004 reg=2 data=223d be=01 timer=000 mode=0 allowb=00
crkdown IRQ  read cpu=0 addr=a00004 reg=2 data=074d be=01 timer=000 mode=0 allowb=00
crkdown IRQ  read cpu=0 addr=a00004 reg=2 data=0237 be=01 timer=000 mode=0 allowb=00
crkdown MIXER write cpu=0 addr=40401a reg=13 data=0000 be=01 A=000622:13fc B=000000:0000
crkdown IRQ  read cpu=0 addr=a00004 reg=2 data=ffff be=01 timer=000 mode=0 allowb=00
crkdown IRQ  read cpu=0 addr=a00004 reg=2 data=e164 be=01 timer=000 mode=0 allowb=00
crkdown progress clocks=200000000/320000000 target=8 Ainsn=5014992 Binsn=0 media=0/0 p4=0/0 bytes=0 tracks=0 checksum=811c9dc5 release=0 frames=0 attract=0/120 changes=0 last=0 unknown=0 cap=0 raster=613,287
crkdown cpuB-diag fstate=0 busy=0 done=0 b_as_n=1 b_dtack_n=1 bus_req=0 bus_cpu=0 bus_ack=0 b_mem_req=0 b_mem_ack=0 bc_hit=0 bc_fill=0 bc_snoop=0 bc_window=0 bc_q_valid=1 io_cnt1=0 sub_reset=0 sub_reset_count=0 gslow=0 gslow_count=0 phi1=0 phi2=0 b_phi1=0 b_phi2=0 b_pc=000000
crkdown FDC side/track=0/1 image=2097152 D0=00000096 D1=00000080 D2=00002cff D4=00000080 D6=00000000 D7=00000002 A0=ffffc000 A1=fffffc00
crkdown FDC transfer=1 bytes=11520 checksum=6c2b50a5 side/track=0/1
crkdown progress clocks=250000000/320000000 target=8 Ainsn=5990348 Binsn=0 media=11520/11520 p4=5824/5824 bytes=11520 tracks=1 checksum=6c2b50a5 release=0 frames=0 attract=0/120 changes=0 last=0 unknown=0 cap=0 raster=287,254
crkdown cpuB-diag fstate=0 busy=0 done=0 b_as_n=1 b_dtack_n=1 bus_req=0 bus_cpu=0 bus_ack=0 b_mem_req=0 b_mem_ack=0 bc_hit=0 bc_fill=0 bc_snoop=0 bc_window=0 bc_q_valid=1 io_cnt1=0 sub_reset=0 sub_reset_count=0 gslow=0 gslow_count=0 phi1=0 phi2=1 b_phi1=0 b_phi2=1 b_pc=000000
crkdown FDC side/track=0/66 image=2097152 D0=00000096 D1=00000402 D2=00002cff D4=00000402 D6=00822600 D7=00000084 A0=ffffc000 A1=00f00000
crkdown FDC transfer=2 bytes=11520 checksum=ef16470d side/track=0/66
crkdown FDC side/track=1/66 image=2097152 D0=0000009e D1=00037900 D2=00032cff D4=00037bfe D6=00000000 D7=00000085 A0=ffffc000 A1=00f082fe
crkdown FDC transfer=3 bytes=11520 checksum=e024bbc9 side/track=1/66
crkdown progress clocks=300000000/320000000 target=8 Ainsn=6751304 Binsn=0 media=91048/91048 p4=45588/45588 bytes=91048 tracks=3 checksum=0867e236 release=0 frames=0 attract=0/120 changes=0 last=0 unknown=0 cap=0 raster=618,220
crkdown cpuB-diag fstate=0 busy=0 done=0 b_as_n=1 b_dtack_n=1 bus_req=0 bus_cpu=0 bus_ack=0 b_mem_req=0 b_mem_ack=0 bc_hit=0 bc_fill=0 bc_snoop=0 bc_window=0 bc_q_valid=1 io_cnt1=0 sub_reset=0 sub_reset_count=0 gslow=0 gslow_count=0 phi1=1 phi2=0 b_phi1=1 b_phi2=0 b_pc=000000
crkdown milestone target=8 clocks=320000000 Ainsn=7058435 Binsn=0 boot=11473018 rom=0 floppy=60450 media=120772/120772 p4=60450/60450 fdcbytes=120772 tracks=3 checksum=f52493ed lasttrack=e024bbc9 writes=1119307 fwwrites=0 palette=10240 tilewr=50016 mixerwr=3 charwr=138112 spritewr=262144 tilereq=0 spritereq=32 cpuB=0 release=0 dec=0/0 visible=0 tilepx=0 spritepx=0 mixedpx=0 blankpx=0 unknownpx=0 frames=0/10 attract=0/120 changes=0 framepx=0 code=0 A=00193a:4e75 B=000000:0000 fdstate=00 slow=0 raster=357,207
crkdown mixer regs: 0000 0000 0000 0000 0000 0000 0000 0000 0000 0000 0000 0000 0000 0000 0000 0000
crkdown tile controls: h=0000/0000/0000/0000 v=0000/0000/0000/0000
crkdown irq timer: data=000 value=000 mode=0 allow_a=08 allow_b=00 pend_a=0 pend_b=0 vblank=0 sprite=0 frc_a=0 frc_b=0
PASS tb_gground_boot crkdown game milestone 8
- verif\tb_gground_boot.sv:1185: Verilog $finish
- S i m u l a t i o n   R e p o r t: Verilator 5.050 2026-07-01
- Verilator: $finish at 3s; walltime 933.179 s; speed 3.429 ms/s
- Verilator: cpu 0.000 s on 1 threads; allocated 16 MB
