Getting list of Win32_PNPEntity devices failed. Error: 0x80041003
XInput device detection failed. XInput won't be used. Error: 0x80041003
S24MAME crkdown-io-write cpu=:maincpu time=0.000007000 pc=000410 addr=80001c canonical=1c data=0404 mask=00ff
S24MAME crkdown-io-write cpu=:maincpu time=0.000009000 pc=000418 addr=800006 canonical=06 data=0000 mask=00ff
S24MAME crkdown-io-write cpu=:maincpu time=0.000011000 pc=000420 addr=80001e canonical=1e data=8888 mask=00ff
S24MAME crkdown-check frame=1 time=0.019024 mainpc=000490 subpc=000000
S24MAME crkdown-check frame=121 time=2.105104 mainpc=0004ac subpc=000000
S24MAME crkdown-io-write cpu=:maincpu time=3.407566800 pc=003464 addr=80000e canonical=0e data=8080 mask=00ff
S24MAME crkdown-fdc-write cpu=:maincpu time=3.407956600 pc=000512 addr=b00004 data=ffff mask=00ff
S24MAME crkdown-fdc-write cpu=:maincpu time=3.407965400 pc=0005a8 addr=b00004 data=0000 mask=00ff
S24MAME crkdown-fdc-write cpu=:maincpu time=3.723296500 pc=0021d4 addr=b00004 data=ffff mask=00ff
S24MAME crkdown-fdc-write cpu=:maincpu time=3.723306700 pc=0018b2 addr=b0000a data=0a0a mask=00ff
S24MAME crkdown-check frame=241 time=4.191184 mainpc=0017de subpc=000000
S24MAME crkdown-fdc-write cpu=:maincpu time=4.333736500 pc=000e26 addr=b00004 data=0000 mask=00ff
S24MAME crkdown-fdc-write cpu=:maincpu time=4.333747900 pc=000e4c addr=b00000 data=d0d0 mask=00ff
S24MAME crkdown-fdc-write cpu=:maincpu time=4.333751900 pc=000e5a addr=b00006 data=c0c0 mask=00ff
S24MAME crkdown-fdc-write cpu=:maincpu time=4.333753500 pc=000e60 addr=b00000 data=fefe mask=00ff
S24MAME crkdown-fdc-write cpu=:maincpu time=4.333757500 pc=000e6e addr=b00006 data=8a8a mask=00ff
S24MAME crkdown-fdc-write cpu=:maincpu time=4.333759100 pc=000e74 addr=b00000 data=fdfd mask=00ff
S24MAME crkdown-fdc-write cpu=:maincpu time=4.333795900 pc=001822 addr=b00006 data=0101 mask=00ff
S24MAME crkdown-fdc-write cpu=:maincpu time=4.333800100 pc=001832 addr=b0000a data=0a0a mask=00ff
S24MAME crkdown-fdc-write cpu=:maincpu time=4.333804100 pc=00183e addr=b00000 data=1414 mask=00ff
S24MAME crkdown-fdc-write cpu=:maincpu time=4.333815100 pc=00163a addr=b00004 data=0101 mask=00ff
S24MAME crkdown-fdc-write cpu=:maincpu time=4.333819100 pc=001648 addr=b00006 data=0707 mask=00ff
S24MAME crkdown-fdc-write cpu=:maincpu time=4.333825500 pc=001664 addr=b00000 data=9696 mask=00ff
S24MAME crkdown-fdc-write cpu=:maincpu time=4.867551100 pc=000eec addr=b00004 data=fefe mask=00ff
S24MAME crkdown-fdc-write cpu=:maincpu time=4.867562500 pc=000f12 addr=b00000 data=d0d0 mask=00ff
S24MAME crkdown-fdc-write cpu=:maincpu time=4.867566500 pc=000f20 addr=b00006 data=c0c0 mask=00ff
S24MAME crkdown-fdc-write cpu=:maincpu time=4.867568100 pc=000f26 addr=b00000 data=fefe mask=00ff
S24MAME crkdown-fdc-write cpu=:maincpu time=4.867572100 pc=000f34 addr=b00006 data=8a8a mask=00ff
S24MAME crkdown-fdc-write cpu=:maincpu time=4.867573700 pc=000f3a addr=b00000 data=fdfd mask=00ff
S24MAME crkdown-fdc-write cpu=:maincpu time=4.867613500 pc=001822 addr=b00006 data=4242 mask=00ff
S24MAME crkdown-fdc-write cpu=:maincpu time=4.867617700 pc=001832 addr=b0000a data=0a0a mask=00ff
S24MAME crkdown-fdc-write cpu=:maincpu time=4.867621700 pc=00183e addr=b00000 data=1414 mask=00ff
S24MAME crkdown-fdc-write cpu=:maincpu time=4.867632700 pc=00163a addr=b00004 data=0101 mask=00ff
S24MAME crkdown-fdc-write cpu=:maincpu time=4.867636700 pc=001648 addr=b00006 data=0707 mask=00ff
S24MAME crkdown-fdc-write cpu=:maincpu time=4.867643100 pc=001664 addr=b00000 data=9696 mask=00ff
S24MAME crkdown-fdc-write cpu=:maincpu time=4.992061700 pc=000eec addr=b00004 data=fefe mask=00ff
S24MAME crkdown-fdc-write cpu=:maincpu time=4.992073100 pc=000f12 addr=b00000 data=d0d0 mask=00ff
S24MAME crkdown-fdc-write cpu=:maincpu time=4.992077100 pc=000f20 addr=b00006 data=c0c0 mask=00ff
S24MAME crkdown-fdc-write cpu=:maincpu time=4.992078700 pc=000f26 addr=b00000 data=fefe mask=00ff
S24MAME crkdown-fdc-write cpu=:maincpu time=4.992082700 pc=000f34 addr=b00006 data=8a8a mask=00ff
S24MAME crkdown-fdc-write cpu=:maincpu time=4.992084300 pc=000f3a addr=b00000 data=fdfd mask=00ff
S24MAME crkdown-fdc-write cpu=:maincpu time=4.993815700 pc=001822 addr=b00006 data=4242 mask=00ff
S24MAME crkdown-fdc-write cpu=:maincpu time=4.993819900 pc=001832 addr=b0000a data=0e0e mask=00ff
S24MAME crkdown-fdc-write cpu=:maincpu time=4.993823900 pc=00183e addr=b00000 data=1414 mask=00ff
S24MAME crkdown-fdc-write cpu=:maincpu time=4.993834900 pc=00163a addr=b00004 data=0101 mask=00ff
S24MAME crkdown-fdc-write cpu=:maincpu time=4.993838900 pc=001648 addr=b00006 data=0707 mask=00ff
S24MAME crkdown-fdc-write cpu=:maincpu time=4.993846100 pc=001664 addr=b00000 data=9e9e mask=00ff
S24MAME crkdown-fdc-write cpu=:maincpu time=5.141336300 pc=001822 addr=b00006 data=4343 mask=00ff
S24MAME crkdown-fdc-write cpu=:maincpu time=5.141340500 pc=001832 addr=b0000a data=0a0a mask=00ff
S24MAME crkdown-fdc-write cpu=:maincpu time=5.141344500 pc=00183e addr=b00000 data=1414 mask=00ff
S24MAME crkdown-fdc-write cpu=:maincpu time=5.141355500 pc=00163a addr=b00004 data=0101 mask=00ff
S24MAME crkdown-fdc-write cpu=:maincpu time=5.141359500 pc=001648 addr=b00006 data=0707 mask=00ff
S24MAME crkdown-fdc-write cpu=:maincpu time=5.141365900 pc=001664 addr=b00000 data=9696 mask=00ff
S24MAME crkdown-fdc-write cpu=:maincpu time=5.288856100 pc=001822 addr=b00006 data=4343 mask=00ff
S24MAME crkdown-fdc-write cpu=:maincpu time=5.288860300 pc=001832 addr=b0000a data=0e0e mask=00ff
S24MAME crkdown-fdc-write cpu=:maincpu time=5.288864300 pc=00183e addr=b00000 data=1414 mask=00ff
S24MAME crkdown-fdc-write cpu=:maincpu time=5.288875300 pc=00163a addr=b00004 data=0101 mask=00ff
S24MAME crkdown-fdc-write cpu=:maincpu time=5.288879300 pc=001648 addr=b00006 data=0707 mask=00ff
S24MAME crkdown-fdc-write cpu=:maincpu time=5.288886500 pc=001664 addr=b00000 data=9e9e mask=00ff
S24MAME crkdown-fdc-write cpu=:maincpu time=5.436376700 pc=001822 addr=b00006 data=4444 mask=00ff
S24MAME crkdown-fdc-write cpu=:maincpu time=5.436380900 pc=001832 addr=b0000a data=0a0a mask=00ff
S24MAME crkdown-fdc-write cpu=:maincpu time=5.436384900 pc=00183e addr=b00000 data=1414 mask=00ff
S24MAME crkdown-fdc-write cpu=:maincpu time=5.436395900 pc=00163a addr=b00004 data=0101 mask=00ff
S24MAME crkdown-fdc-write cpu=:maincpu time=5.436399900 pc=001648 addr=b00006 data=0707 mask=00ff
S24MAME crkdown-fdc-write cpu=:maincpu time=5.436406300 pc=001664 addr=b00000 data=9696 mask=00ff
S24MAME crkdown-fdc-write cpu=:maincpu time=5.583896500 pc=001822 addr=b00006 data=4444 mask=00ff
S24MAME crkdown-fdc-write cpu=:maincpu time=5.583900700 pc=001832 addr=b0000a data=0e0e mask=00ff
S24MAME crkdown-fdc-write cpu=:maincpu time=5.583904700 pc=00183e addr=b00000 data=1414 mask=00ff
S24MAME crkdown-fdc-write cpu=:maincpu time=5.583915700 pc=00163a addr=b00004 data=0101 mask=00ff
S24MAME crkdown-fdc-write cpu=:maincpu time=5.583919700 pc=001648 addr=b00006 data=0707 mask=00ff
S24MAME crkdown-fdc-write cpu=:maincpu time=5.583926900 pc=001664 addr=b00000 data=9e9e mask=00ff
S24MAME crkdown-fdc-write cpu=:maincpu time=5.731417100 pc=001822 addr=b00006 data=4545 mask=00ff
S24MAME crkdown-fdc-write cpu=:maincpu time=5.731421300 pc=001832 addr=b0000a data=0a0a mask=00ff
S24MAME crkdown-fdc-write cpu=:maincpu time=5.731425300 pc=00183e addr=b00000 data=1414 mask=00ff
S24MAME crkdown-fdc-write cpu=:maincpu time=5.731436300 pc=00163a addr=b00004 data=0101 mask=00ff
S24MAME crkdown-fdc-write cpu=:maincpu time=5.731440300 pc=001648 addr=b00006 data=0707 mask=00ff
S24MAME crkdown-fdc-write cpu=:maincpu time=5.731446700 pc=001664 addr=b00000 data=9696 mask=00ff
S24MAME crkdown-fdc-write cpu=:maincpu time=5.878936900 pc=001822 addr=b00006 data=4545 mask=00ff
S24MAME crkdown-fdc-write cpu=:maincpu time=5.878941100 pc=001832 addr=b0000a data=0e0e mask=00ff
S24MAME crkdown-fdc-write cpu=:maincpu time=5.878945100 pc=00183e addr=b00000 data=1414 mask=00ff
S24MAME crkdown-fdc-write cpu=:maincpu time=5.878956100 pc=00163a addr=b00004 data=0101 mask=00ff
S24MAME crkdown-fdc-write cpu=:maincpu time=5.878960100 pc=001648 addr=b00006 data=0707 mask=00ff
S24MAME crkdown-fdc-write cpu=:maincpu time=5.878967300 pc=001664 addr=b00000 data=9e9e mask=00ff
S24MAME crkdown-fdc-write cpu=:maincpu time=6.026457500 pc=001822 addr=b00006 data=4646 mask=00ff
S24MAME crkdown-fdc-write cpu=:maincpu time=6.026461700 pc=001832 addr=b0000a data=0a0a mask=00ff
S24MAME crkdown-fdc-write cpu=:maincpu time=6.026465700 pc=00183e addr=b00000 data=1414 mask=00ff
S24MAME crkdown-fdc-write cpu=:maincpu time=6.026476700 pc=00163a addr=b00004 data=0101 mask=00ff
S24MAME crkdown-fdc-write cpu=:maincpu time=6.026480700 pc=001648 addr=b00006 data=0707 mask=00ff
S24MAME crkdown-fdc-write cpu=:maincpu time=6.026487100 pc=001664 addr=b00000 data=9696 mask=00ff
S24MAME crkdown-fdc-write cpu=:maincpu time=6.173977300 pc=001822 addr=b00006 data=4646 mask=00ff
S24MAME crkdown-fdc-write cpu=:maincpu time=6.173981500 pc=001832 addr=b0000a data=0e0e mask=00ff
S24MAME crkdown-fdc-write cpu=:maincpu time=6.173985500 pc=00183e addr=b00000 data=1414 mask=00ff
S24MAME crkdown-fdc-write cpu=:maincpu time=6.173996500 pc=00163a addr=b00004 data=0101 mask=00ff
S24MAME crkdown-fdc-write cpu=:maincpu time=6.174000500 pc=001648 addr=b00006 data=0707 mask=00ff
S24MAME crkdown-fdc-write cpu=:maincpu time=6.174007700 pc=001664 addr=b00000 data=9e9e mask=00ff
S24MAME crkdown-check frame=361 time=6.277264 mainpc=00166c subpc=000000
S24MAME crkdown-fdc-write cpu=:maincpu time=6.321497900 pc=001822 addr=b00006 data=4747 mask=00ff
S24MAME crkdown-fdc-write cpu=:maincpu time=6.321502100 pc=001832 addr=b0000a data=0a0a mask=00ff
S24MAME crkdown-fdc-write cpu=:maincpu time=6.321506100 pc=00183e addr=b00000 data=1414 mask=00ff
S24MAME crkdown-fdc-write cpu=:maincpu time=6.321517100 pc=00163a addr=b00004 data=0101 mask=00ff
S24MAME crkdown-fdc-write cpu=:maincpu time=6.321521100 pc=001648 addr=b00006 data=0707 mask=00ff
S24MAME crkdown-fdc-write cpu=:maincpu time=6.321527500 pc=001664 addr=b00000 data=9696 mask=00ff
S24MAME crkdown-fdc-write cpu=:maincpu time=6.469017700 pc=001822 addr=b00006 data=4747 mask=00ff
S24MAME crkdown-fdc-write cpu=:maincpu time=6.469021900 pc=001832 addr=b0000a data=0e0e mask=00ff
S24MAME crkdown-fdc-write cpu=:maincpu time=6.469025900 pc=00183e addr=b00000 data=1414 mask=00ff
S24MAME crkdown-fdc-write cpu=:maincpu time=6.469036900 pc=00163a addr=b00004 data=0101 mask=00ff
S24MAME crkdown-fdc-write cpu=:maincpu time=6.469040900 pc=001648 addr=b00006 data=0707 mask=00ff
S24MAME crkdown-fdc-write cpu=:maincpu time=6.469048100 pc=001664 addr=b00000 data=9e9e mask=00ff
S24MAME crkdown-fdc-write cpu=:maincpu time=6.616538300 pc=001822 addr=b00006 data=4848 mask=00ff
S24MAME crkdown-fdc-write cpu=:maincpu time=6.616542500 pc=001832 addr=b0000a data=0a0a mask=00ff
S24MAME crkdown-fdc-write cpu=:maincpu time=6.616546500 pc=00183e addr=b00000 data=1414 mask=00ff
S24MAME crkdown-fdc-write cpu=:maincpu time=6.616557500 pc=00163a addr=b00004 data=0101 mask=00ff
S24MAME crkdown-fdc-write cpu=:maincpu time=6.616561500 pc=001648 addr=b00006 data=0707 mask=00ff
S24MAME crkdown-fdc-write cpu=:maincpu time=6.616567900 pc=001664 addr=b00000 data=9696 mask=00ff
S24MAME crkdown-fdc-write cpu=:maincpu time=6.764058100 pc=001822 addr=b00006 data=4848 mask=00ff
S24MAME crkdown-fdc-write cpu=:maincpu time=6.764062300 pc=001832 addr=b0000a data=0e0e mask=00ff
S24MAME crkdown-fdc-write cpu=:maincpu time=6.764066300 pc=00183e addr=b00000 data=1414 mask=00ff
S24MAME crkdown-fdc-write cpu=:maincpu time=6.764077300 pc=00163a addr=b00004 data=0101 mask=00ff
S24MAME crkdown-fdc-write cpu=:maincpu time=6.764081300 pc=001648 addr=b00006 data=0707 mask=00ff
S24MAME crkdown-fdc-write cpu=:maincpu time=6.764088500 pc=001664 addr=b00000 data=9e9e mask=00ff
S24MAME crkdown-fdc-write cpu=:maincpu time=6.911578700 pc=001822 addr=b00006 data=4949 mask=00ff
S24MAME crkdown-fdc-write cpu=:maincpu time=6.911582900 pc=001832 addr=b0000a data=0a0a mask=00ff
S24MAME crkdown-fdc-write cpu=:maincpu time=6.911586900 pc=00183e addr=b00000 data=1414 mask=00ff
S24MAME crkdown-fdc-write cpu=:maincpu time=6.911597900 pc=00163a addr=b00004 data=0101 mask=00ff
S24MAME crkdown-fdc-write cpu=:maincpu time=6.911601900 pc=001648 addr=b00006 data=0707 mask=00ff
S24MAME crkdown-fdc-write cpu=:maincpu time=6.911608300 pc=001664 addr=b00000 data=9696 mask=00ff
S24MAME crkdown-fdc-write cpu=:maincpu time=7.059098500 pc=001822 addr=b00006 data=4949 mask=00ff
S24MAME crkdown-fdc-write cpu=:maincpu time=7.059102700 pc=001832 addr=b0000a data=0e0e mask=00ff
S24MAME crkdown-fdc-write cpu=:maincpu time=7.059106700 pc=00183e addr=b00000 data=1414 mask=00ff
S24MAME crkdown-fdc-write cpu=:maincpu time=7.059117700 pc=00163a addr=b00004 data=0101 mask=00ff
S24MAME crkdown-fdc-write cpu=:maincpu time=7.059121700 pc=001648 addr=b00006 data=0707 mask=00ff
S24MAME crkdown-fdc-write cpu=:maincpu time=7.059128900 pc=001664 addr=b00000 data=9e9e mask=00ff
S24MAME crkdown-fdc-write cpu=:maincpu time=7.206619100 pc=001822 addr=b00006 data=4a4a mask=00ff
S24MAME crkdown-fdc-write cpu=:maincpu time=7.206623300 pc=001832 addr=b0000a data=0a0a mask=00ff
S24MAME crkdown-fdc-write cpu=:maincpu time=7.206627300 pc=00183e addr=b00000 data=1414 mask=00ff
S24MAME crkdown-fdc-write cpu=:maincpu time=7.206638300 pc=00163a addr=b00004 data=0101 mask=00ff
S24MAME crkdown-fdc-write cpu=:maincpu time=7.206642300 pc=001648 addr=b00006 data=0707 mask=00ff
S24MAME crkdown-fdc-write cpu=:maincpu time=7.206648700 pc=001664 addr=b00000 data=9696 mask=00ff
S24MAME crkdown-fdc-write cpu=:maincpu time=7.354138900 pc=001822 addr=b00006 data=4a4a mask=00ff
S24MAME crkdown-fdc-write cpu=:maincpu time=7.354143100 pc=001832 addr=b0000a data=0e0e mask=00ff
S24MAME crkdown-fdc-write cpu=:maincpu time=7.354147100 pc=00183e addr=b00000 data=1414 mask=00ff
S24MAME crkdown-fdc-write cpu=:maincpu time=7.354158100 pc=00163a addr=b00004 data=0101 mask=00ff
S24MAME crkdown-fdc-write cpu=:maincpu time=7.354162100 pc=001648 addr=b00006 data=0707 mask=00ff
S24MAME crkdown-fdc-write cpu=:maincpu time=7.354169300 pc=001664 addr=b00000 data=9e9e mask=00ff
S24MAME crkdown-fdc-write cpu=:maincpu time=7.501659500 pc=001822 addr=b00006 data=4b4b mask=00ff
S24MAME crkdown-fdc-write cpu=:maincpu time=7.501663700 pc=001832 addr=b0000a data=0a0a mask=00ff
S24MAME crkdown-fdc-write cpu=:maincpu time=7.501667700 pc=00183e addr=b00000 data=1414 mask=00ff
S24MAME crkdown-fdc-write cpu=:maincpu time=7.501678700 pc=00163a addr=b00004 data=0101 mask=00ff
S24MAME crkdown-fdc-write cpu=:maincpu time=7.501682700 pc=001648 addr=b00006 data=0707 mask=00ff
S24MAME crkdown-fdc-write cpu=:maincpu time=7.501689100 pc=001664 addr=b00000 data=9696 mask=00ff
S24MAME crkdown-fdc-write cpu=:maincpu time=7.649179300 pc=001822 addr=b00006 data=4b4b mask=00ff
S24MAME crkdown-fdc-write cpu=:maincpu time=7.649183500 pc=001832 addr=b0000a data=0e0e mask=00ff
S24MAME crkdown-fdc-write cpu=:maincpu time=7.649187500 pc=00183e addr=b00000 data=1414 mask=00ff
S24MAME crkdown-fdc-write cpu=:maincpu time=7.649198500 pc=00163a addr=b00004 data=0101 mask=00ff
S24MAME crkdown-fdc-write cpu=:maincpu time=7.649202500 pc=001648 addr=b00006 data=0707 mask=00ff
S24MAME crkdown-fdc-write cpu=:maincpu time=7.649209700 pc=001664 addr=b00000 data=9e9e mask=00ff
S24MAME crkdown-fdc-write cpu=:maincpu time=7.796699900 pc=001822 addr=b00006 data=4c4c mask=00ff
S24MAME crkdown-fdc-write cpu=:maincpu time=7.796704100 pc=001832 addr=b0000a data=0a0a mask=00ff
S24MAME crkdown-fdc-write cpu=:maincpu time=7.796708100 pc=00183e addr=b00000 data=1414 mask=00ff
S24MAME crkdown-fdc-write cpu=:maincpu time=7.796719100 pc=00163a addr=b00004 data=0101 mask=00ff
S24MAME crkdown-fdc-write cpu=:maincpu time=7.796723100 pc=001648 addr=b00006 data=0707 mask=00ff
S24MAME crkdown-fdc-write cpu=:maincpu time=7.796729500 pc=001664 addr=b00000 data=9696 mask=00ff
S24MAME crkdown-fdc-write cpu=:maincpu time=7.938039700 pc=000eec addr=b00004 data=fefe mask=00ff
S24MAME crkdown-fdc-write cpu=:maincpu time=7.938051100 pc=000f12 addr=b00000 data=d0d0 mask=00ff
S24MAME crkdown-fdc-write cpu=:maincpu time=7.938055100 pc=000f20 addr=b00006 data=c0c0 mask=00ff
S24MAME crkdown-fdc-write cpu=:maincpu time=7.938056700 pc=000f26 addr=b00000 data=fefe mask=00ff
S24MAME crkdown-fdc-write cpu=:maincpu time=7.938060700 pc=000f34 addr=b00006 data=8a8a mask=00ff
S24MAME crkdown-fdc-write cpu=:maincpu time=7.938062300 pc=000f3a addr=b00000 data=fdfd mask=00ff
S24MAME crkdown-fdc-write cpu=:maincpu time=7.944303300 pc=001822 addr=b00006 data=4c4c mask=00ff
S24MAME crkdown-fdc-write cpu=:maincpu time=7.944307500 pc=001832 addr=b0000a data=0e0e mask=00ff
S24MAME crkdown-fdc-write cpu=:maincpu time=7.944311500 pc=00183e addr=b00000 data=1414 mask=00ff
S24MAME crkdown-fdc-write cpu=:maincpu time=7.944322500 pc=00163a addr=b00004 data=0101 mask=00ff
S24MAME crkdown-fdc-write cpu=:maincpu time=7.944326500 pc=001648 addr=b00006 data=0707 mask=00ff
S24MAME crkdown-fdc-write cpu=:maincpu time=7.944333700 pc=001664 addr=b00000 data=9e9e mask=00ff
S24MAME crkdown-fdc-write cpu=:maincpu time=8.091823900 pc=001822 addr=b00006 data=4d4d mask=00ff
S24MAME crkdown-fdc-write cpu=:maincpu time=8.091828100 pc=001832 addr=b0000a data=0a0a mask=00ff
S24MAME crkdown-fdc-write cpu=:maincpu time=8.091832100 pc=00183e addr=b00000 data=1414 mask=00ff
S24MAME crkdown-fdc-write cpu=:maincpu time=8.091843100 pc=00163a addr=b00004 data=0101 mask=00ff
S24MAME crkdown-fdc-write cpu=:maincpu time=8.091847100 pc=001648 addr=b00006 data=0707 mask=00ff
S24MAME crkdown-fdc-write cpu=:maincpu time=8.091853500 pc=001664 addr=b00000 data=9696 mask=00ff
S24MAME crkdown-fdc-write cpu=:maincpu time=8.239343700 pc=001822 addr=b00006 data=4d4d mask=00ff
S24MAME crkdown-fdc-write cpu=:maincpu time=8.239347900 pc=001832 addr=b0000a data=0e0e mask=00ff
S24MAME crkdown-fdc-write cpu=:maincpu time=8.239351900 pc=00183e addr=b00000 data=1414 mask=00ff
S24MAME crkdown-fdc-write cpu=:maincpu time=8.239362900 pc=00163a addr=b00004 data=0101 mask=00ff
S24MAME crkdown-fdc-write cpu=:maincpu time=8.239366900 pc=001648 addr=b00006 data=0707 mask=00ff
S24MAME crkdown-fdc-write cpu=:maincpu time=8.239374100 pc=001664 addr=b00000 data=9e9e mask=00ff
S24MAME crkdown-check frame=481 time=8.363344 mainpc=000ea4 subpc=000000
S24MAME crkdown-fdc-write cpu=:maincpu time=8.386864300 pc=001822 addr=b00006 data=4e4e mask=00ff
S24MAME crkdown-fdc-write cpu=:maincpu time=8.386868500 pc=001832 addr=b0000a data=0a0a mask=00ff
S24MAME crkdown-fdc-write cpu=:maincpu time=8.386872500 pc=00183e addr=b00000 data=1414 mask=00ff
S24MAME crkdown-fdc-write cpu=:maincpu time=8.386883500 pc=00163a addr=b00004 data=0101 mask=00ff
S24MAME crkdown-fdc-write cpu=:maincpu time=8.386887500 pc=001648 addr=b00006 data=0707 mask=00ff
S24MAME crkdown-fdc-write cpu=:maincpu time=8.386893900 pc=001664 addr=b00000 data=9696 mask=00ff
S24MAME crkdown-fdc-write cpu=:maincpu time=8.529328300 pc=000eec addr=b00004 data=fefe mask=00ff
S24MAME crkdown-fdc-write cpu=:maincpu time=8.529339700 pc=000f12 addr=b00000 data=d0d0 mask=00ff
S24MAME crkdown-fdc-write cpu=:maincpu time=8.529343700 pc=000f20 addr=b00006 data=c0c0 mask=00ff
S24MAME crkdown-fdc-write cpu=:maincpu time=8.529345300 pc=000f26 addr=b00000 data=fefe mask=00ff
S24MAME crkdown-fdc-write cpu=:maincpu time=8.529349300 pc=000f34 addr=b00006 data=8a8a mask=00ff
S24MAME crkdown-fdc-write cpu=:maincpu time=8.529350900 pc=000f3a addr=b00000 data=fdfd mask=00ff
S24MAME crkdown-fdc-write cpu=:maincpu time=8.534465500 pc=001822 addr=b00006 data=4e4e mask=00ff
S24MAME crkdown-fdc-write cpu=:maincpu time=8.534469700 pc=001832 addr=b0000a data=0e0e mask=00ff
S24MAME crkdown-fdc-write cpu=:maincpu time=8.534473700 pc=00183e addr=b00000 data=1414 mask=00ff
S24MAME crkdown-fdc-write cpu=:maincpu time=8.534484700 pc=00163a addr=b00004 data=0101 mask=00ff
S24MAME crkdown-fdc-write cpu=:maincpu time=8.534488700 pc=001648 addr=b00006 data=0707 mask=00ff
S24MAME crkdown-fdc-write cpu=:maincpu time=8.534495900 pc=001664 addr=b00000 data=9e9e mask=00ff
S24MAME crkdown-fdc-write cpu=:maincpu time=8.681986100 pc=001822 addr=b00006 data=4f4f mask=00ff
S24MAME crkdown-fdc-write cpu=:maincpu time=8.681990300 pc=001832 addr=b0000a data=0a0a mask=00ff
S24MAME crkdown-fdc-write cpu=:maincpu time=8.681994300 pc=00183e addr=b00000 data=1414 mask=00ff
S24MAME crkdown-fdc-write cpu=:maincpu time=8.682005300 pc=00163a addr=b00004 data=0101 mask=00ff
S24MAME crkdown-fdc-write cpu=:maincpu time=8.682009300 pc=001648 addr=b00006 data=0707 mask=00ff
S24MAME crkdown-fdc-write cpu=:maincpu time=8.682015700 pc=001664 addr=b00000 data=9696 mask=00ff
S24MAME crkdown-fdc-write cpu=:maincpu time=8.829505900 pc=001822 addr=b00006 data=4f4f mask=00ff
S24MAME crkdown-fdc-write cpu=:maincpu time=8.829510100 pc=001832 addr=b0000a data=0e0e mask=00ff
S24MAME crkdown-fdc-write cpu=:maincpu time=8.829514100 pc=00183e addr=b00000 data=1414 mask=00ff
S24MAME crkdown-fdc-write cpu=:maincpu time=8.829525100 pc=00163a addr=b00004 data=0101 mask=00ff
S24MAME crkdown-fdc-write cpu=:maincpu time=8.829529100 pc=001648 addr=b00006 data=0707 mask=00ff
S24MAME crkdown-fdc-write cpu=:maincpu time=8.829536300 pc=001664 addr=b00000 data=9e9e mask=00ff
S24MAME crkdown-fdc-write cpu=:maincpu time=8.977026700 pc=0021d4 addr=b00004 data=fefe mask=00ff
S24MAME crkdown-fdc-write cpu=:maincpu time=8.977036700 pc=0018a8 addr=b0000a data=0000 mask=00ff
S24MAME crkdown-io-write cpu=:maincpu time=8.977053900 pc=0800c0 addr=80001e canonical=1e data=8888 mask=00ff
S24MAME crkdown-fdc-write cpu=:maincpu time=9.024427500 pc=0021d4 addr=b00004 data=0101 mask=00ff
S24MAME crkdown-fdc-write cpu=:maincpu time=9.024437700 pc=0018b2 addr=b0000a data=0a0a mask=00ff
S24MAME crkdown-fdc-write cpu=:maincpu time=9.634872900 pc=000eec addr=b00004 data=fefe mask=00ff
S24MAME crkdown-fdc-write cpu=:maincpu time=9.634884300 pc=000f12 addr=b00000 data=d0d0 mask=00ff
S24MAME crkdown-fdc-write cpu=:maincpu time=9.634888300 pc=000f20 addr=b00006 data=c0c0 mask=00ff
S24MAME crkdown-fdc-write cpu=:maincpu time=9.634889900 pc=000f26 addr=b00000 data=fefe mask=00ff
S24MAME crkdown-fdc-write cpu=:maincpu time=9.634893900 pc=000f34 addr=b00006 data=8a8a mask=00ff
S24MAME crkdown-fdc-write cpu=:maincpu time=9.634895500 pc=000f3a addr=b00000 data=fdfd mask=00ff
S24MAME crkdown-fdc-write cpu=:maincpu time=9.634935100 pc=0017ec addr=b00000 data=0000 mask=00ff
S24MAME crkdown-fdc-write cpu=:maincpu time=9.634947100 pc=001822 addr=b00006 data=3f3f mask=00ff
S24MAME crkdown-fdc-write cpu=:maincpu time=9.634951300 pc=001832 addr=b0000a data=0e0e mask=00ff
S24MAME crkdown-fdc-write cpu=:maincpu time=9.634955300 pc=00183e addr=b00000 data=1414 mask=00ff
S24MAME crkdown-fdc-write cpu=:maincpu time=9.634966300 pc=00163a addr=b00004 data=0101 mask=00ff
S24MAME crkdown-fdc-write cpu=:maincpu time=9.634970300 pc=001648 addr=b00006 data=0707 mask=00ff
S24MAME crkdown-fdc-write cpu=:maincpu time=9.634977500 pc=001664 addr=b00000 data=9e9e mask=00ff
S24MAME crkdown-fdc-write cpu=:maincpu time=9.757198500 pc=000eec addr=b00004 data=fefe mask=00ff
S24MAME crkdown-fdc-write cpu=:maincpu time=9.757209900 pc=000f12 addr=b00000 data=d0d0 mask=00ff
S24MAME crkdown-fdc-write cpu=:maincpu time=9.757213900 pc=000f20 addr=b00006 data=c0c0 mask=00ff
S24MAME crkdown-fdc-write cpu=:maincpu time=9.757215500 pc=000f26 addr=b00000 data=fefe mask=00ff
S24MAME crkdown-fdc-write cpu=:maincpu time=9.757219500 pc=000f34 addr=b00006 data=8a8a mask=00ff
S24MAME crkdown-fdc-write cpu=:maincpu time=9.757221100 pc=000f3a addr=b00000 data=fdfd mask=00ff
S24MAME crkdown-fdc-write cpu=:maincpu time=9.757341500 pc=000eec addr=b00004 data=0101 mask=00ff
S24MAME crkdown-fdc-write cpu=:maincpu time=9.757352900 pc=000f12 addr=b00000 data=d0d0 mask=00ff
S24MAME crkdown-fdc-write cpu=:maincpu time=9.757356900 pc=000f20 addr=b00006 data=c0c0 mask=00ff
S24MAME crkdown-fdc-write cpu=:maincpu time=9.757358500 pc=000f26 addr=b00000 data=fefe mask=00ff
S24MAME crkdown-fdc-write cpu=:maincpu time=9.757362500 pc=000f34 addr=b00006 data=8a8a mask=00ff
S24MAME crkdown-fdc-write cpu=:maincpu time=9.757364100 pc=000f3a addr=b00000 data=fdfd mask=00ff
S24MAME crkdown-fdc-write cpu=:maincpu time=9.757484500 pc=000eec addr=b00004 data=fefe mask=00ff
S24MAME crkdown-fdc-write cpu=:maincpu time=9.757495900 pc=000f12 addr=b00000 data=d0d0 mask=00ff
S24MAME crkdown-fdc-write cpu=:maincpu time=9.757499900 pc=000f20 addr=b00006 data=c0c0 mask=00ff
S24MAME crkdown-fdc-write cpu=:maincpu time=9.757501500 pc=000f26 addr=b00000 data=fefe mask=00ff
S24MAME crkdown-fdc-write cpu=:maincpu time=9.757505500 pc=000f34 addr=b00006 data=8a8a mask=00ff
S24MAME crkdown-fdc-write cpu=:maincpu time=9.757507100 pc=000f3a addr=b00000 data=fdfd mask=00ff
S24MAME crkdown-fdc-write cpu=:maincpu time=9.757627500 pc=000eec addr=b00004 data=0101 mask=00ff
S24MAME crkdown-fdc-write cpu=:maincpu time=9.757638900 pc=000f12 addr=b00000 data=d0d0 mask=00ff
S24MAME crkdown-fdc-write cpu=:maincpu time=9.757642900 pc=000f20 addr=b00006 data=c0c0 mask=00ff
S24MAME crkdown-fdc-write cpu=:maincpu time=9.757644500 pc=000f26 addr=b00000 data=fefe mask=00ff
S24MAME crkdown-fdc-write cpu=:maincpu time=9.757648500 pc=000f34 addr=b00006 data=8a8a mask=00ff
S24MAME crkdown-fdc-write cpu=:maincpu time=9.757650100 pc=000f3a addr=b00000 data=fdfd mask=00ff
S24MAME crkdown-fdc-write cpu=:maincpu time=9.757770500 pc=000eec addr=b00004 data=fefe mask=00ff
S24MAME crkdown-fdc-write cpu=:maincpu time=9.757781900 pc=000f12 addr=b00000 data=d0d0 mask=00ff
S24MAME crkdown-fdc-write cpu=:maincpu time=9.757785900 pc=000f20 addr=b00006 data=c0c0 mask=00ff
S24MAME crkdown-fdc-write cpu=:maincpu time=9.757787500 pc=000f26 addr=b00000 data=fefe mask=00ff
S24MAME crkdown-fdc-write cpu=:maincpu time=9.757791500 pc=000f34 addr=b00006 data=8a8a mask=00ff
S24MAME crkdown-fdc-write cpu=:maincpu time=9.757793100 pc=000f3a addr=b00000 data=fdfd mask=00ff
S24MAME crkdown-fdc-write cpu=:maincpu time=9.757913500 pc=000eec addr=b00004 data=0101 mask=00ff
S24MAME crkdown-fdc-write cpu=:maincpu time=9.757924900 pc=000f12 addr=b00000 data=d0d0 mask=00ff
S24MAME crkdown-fdc-write cpu=:maincpu time=9.757928900 pc=000f20 addr=b00006 data=c0c0 mask=00ff
S24MAME crkdown-fdc-write cpu=:maincpu time=9.757930500 pc=000f26 addr=b00000 data=fefe mask=00ff
S24MAME crkdown-fdc-write cpu=:maincpu time=9.757934500 pc=000f34 addr=b00006 data=8a8a mask=00ff
S24MAME crkdown-fdc-write cpu=:maincpu time=9.757936100 pc=000f3a addr=b00000 data=fdfd mask=00ff
S24MAME crkdown-fdc-write cpu=:maincpu time=9.758056500 pc=000eec addr=b00004 data=fefe mask=00ff
S24MAME crkdown-fdc-write cpu=:maincpu time=9.758067900 pc=000f12 addr=b00000 data=d0d0 mask=00ff
S24MAME crkdown-fdc-write cpu=:maincpu time=9.758071900 pc=000f20 addr=b00006 data=c0c0 mask=00ff
S24MAME crkdown-fdc-write cpu=:maincpu time=9.758073500 pc=000f26 addr=b00000 data=fefe mask=00ff
S24MAME crkdown-fdc-write cpu=:maincpu time=9.758077500 pc=000f34 addr=b00006 data=8a8a mask=00ff
S24MAME crkdown-fdc-write cpu=:maincpu time=9.758079100 pc=000f3a addr=b00000 data=fdfd mask=00ff
S24MAME crkdown-fdc-write cpu=:maincpu time=9.758199500 pc=000eec addr=b00004 data=0101 mask=00ff
S24MAME crkdown-fdc-write cpu=:maincpu time=9.758210900 pc=000f12 addr=b00000 data=d0d0 mask=00ff
S24MAME crkdown-fdc-write cpu=:maincpu time=9.758214900 pc=000f20 addr=b00006 data=c0c0 mask=00ff
S24MAME crkdown-fdc-write cpu=:maincpu time=9.758216500 pc=000f26 addr=b00000 data=fefe mask=00ff
S24MAME crkdown-fdc-write cpu=:maincpu time=9.758220500 pc=000f34 addr=b00006 data=8a8a mask=00ff
S24MAME crkdown-fdc-write cpu=:maincpu time=9.758222100 pc=000f3a addr=b00000 data=fdfd mask=00ff
S24MAME crkdown-fdc-write cpu=:maincpu time=9.758261700 pc=0017ec addr=b00000 data=0000 mask=00ff
S24MAME crkdown-fdc-write cpu=:maincpu time=9.758273700 pc=001822 addr=b00006 data=2020 mask=00ff
S24MAME crkdown-fdc-write cpu=:maincpu time=9.758277900 pc=001832 addr=b0000a data=0a0a mask=00ff
S24MAME crkdown-fdc-write cpu=:maincpu time=9.758281900 pc=00183e addr=b00000 data=1414 mask=00ff
S24MAME crkdown-fdc-write cpu=:maincpu time=9.758292900 pc=00163a addr=b00004 data=0101 mask=00ff
S24MAME crkdown-fdc-write cpu=:maincpu time=9.758296900 pc=001648 addr=b00006 data=0707 mask=00ff
S24MAME crkdown-fdc-write cpu=:maincpu time=9.758303300 pc=001664 addr=b00000 data=9696 mask=00ff
S24MAME crkdown-fdc-write cpu=:maincpu time=9.921625700 pc=000eec addr=b00004 data=fefe mask=00ff
S24MAME crkdown-fdc-write cpu=:maincpu time=9.921637100 pc=000f12 addr=b00000 data=d0d0 mask=00ff
S24MAME crkdown-fdc-write cpu=:maincpu time=9.921641100 pc=000f20 addr=b00006 data=c0c0 mask=00ff
S24MAME crkdown-fdc-write cpu=:maincpu time=9.921642700 pc=000f26 addr=b00000 data=fefe mask=00ff
S24MAME crkdown-fdc-write cpu=:maincpu time=9.921646700 pc=000f34 addr=b00006 data=8a8a mask=00ff
S24MAME crkdown-fdc-write cpu=:maincpu time=9.921648300 pc=000f3a addr=b00000 data=fdfd mask=00ff
S24MAME crkdown-fdc-write cpu=:maincpu time=9.923383500 pc=001822 addr=b00006 data=2020 mask=00ff
S24MAME crkdown-fdc-write cpu=:maincpu time=9.923387700 pc=001832 addr=b0000a data=0e0e mask=00ff
S24MAME crkdown-fdc-write cpu=:maincpu time=9.923391700 pc=00183e addr=b00000 data=1414 mask=00ff
S24MAME crkdown-fdc-write cpu=:maincpu time=9.923402700 pc=00163a addr=b00004 data=0101 mask=00ff
S24MAME crkdown-fdc-write cpu=:maincpu time=9.923406700 pc=001648 addr=b00006 data=0707 mask=00ff
S24MAME crkdown-fdc-write cpu=:maincpu time=9.923413900 pc=001664 addr=b00000 data=9e9e mask=00ff
S24MAME crkdown-fdc-write cpu=:maincpu time=10.070904100 pc=001822 addr=b00006 data=2121 mask=00ff
S24MAME crkdown-fdc-write cpu=:maincpu time=10.070908300 pc=001832 addr=b0000a data=0a0a mask=00ff
S24MAME crkdown-fdc-write cpu=:maincpu time=10.070912300 pc=00183e addr=b00000 data=1414 mask=00ff
S24MAME crkdown-fdc-write cpu=:maincpu time=10.070923300 pc=00163a addr=b00004 data=0101 mask=00ff
S24MAME crkdown-fdc-write cpu=:maincpu time=10.070927300 pc=001648 addr=b00006 data=0707 mask=00ff
S24MAME crkdown-fdc-write cpu=:maincpu time=10.070933700 pc=001664 addr=b00000 data=9696 mask=00ff
S24MAME crkdown-fdc-write cpu=:maincpu time=10.218423900 pc=001822 addr=b00006 data=2121 mask=00ff
S24MAME crkdown-fdc-write cpu=:maincpu time=10.218428100 pc=001832 addr=b0000a data=0e0e mask=00ff
S24MAME crkdown-fdc-write cpu=:maincpu time=10.218432100 pc=00183e addr=b00000 data=1414 mask=00ff
S24MAME crkdown-fdc-write cpu=:maincpu time=10.218443100 pc=00163a addr=b00004 data=0101 mask=00ff
S24MAME crkdown-fdc-write cpu=:maincpu time=10.218447100 pc=001648 addr=b00006 data=0707 mask=00ff
S24MAME crkdown-fdc-write cpu=:maincpu time=10.218454300 pc=001664 addr=b00000 data=9e9e mask=00ff
S24MAME crkdown-fdc-write cpu=:maincpu time=10.365944500 pc=001822 addr=b00006 data=2222 mask=00ff
S24MAME crkdown-fdc-write cpu=:maincpu time=10.365948700 pc=001832 addr=b0000a data=0a0a mask=00ff
S24MAME crkdown-fdc-write cpu=:maincpu time=10.365952700 pc=00183e addr=b00000 data=1414 mask=00ff
S24MAME crkdown-fdc-write cpu=:maincpu time=10.365963700 pc=00163a addr=b00004 data=0101 mask=00ff
S24MAME crkdown-fdc-write cpu=:maincpu time=10.365967700 pc=001648 addr=b00006 data=0707 mask=00ff
S24MAME crkdown-fdc-write cpu=:maincpu time=10.365974100 pc=001664 addr=b00000 data=9696 mask=00ff
S24MAME crkdown-check frame=601 time=10.449424 mainpc=001936 subpc=000000
S24MAME crkdown-fdc-write cpu=:maincpu time=10.513464300 pc=001822 addr=b00006 data=2222 mask=00ff
S24MAME crkdown-fdc-write cpu=:maincpu time=10.513468500 pc=001832 addr=b0000a data=0e0e mask=00ff
S24MAME crkdown-fdc-write cpu=:maincpu time=10.513472500 pc=00183e addr=b00000 data=1414 mask=00ff
S24MAME crkdown-fdc-write cpu=:maincpu time=10.513483500 pc=00163a addr=b00004 data=0101 mask=00ff
S24MAME crkdown-fdc-write cpu=:maincpu time=10.513487500 pc=001648 addr=b00006 data=0707 mask=00ff
S24MAME crkdown-fdc-write cpu=:maincpu time=10.513494700 pc=001664 addr=b00000 data=9e9e mask=00ff
S24MAME crkdown-fdc-write cpu=:maincpu time=10.660984900 pc=001822 addr=b00006 data=2323 mask=00ff
S24MAME crkdown-fdc-write cpu=:maincpu time=10.660989100 pc=001832 addr=b0000a data=0a0a mask=00ff
S24MAME crkdown-fdc-write cpu=:maincpu time=10.660993100 pc=00183e addr=b00000 data=1414 mask=00ff
S24MAME crkdown-fdc-write cpu=:maincpu time=10.661004100 pc=00163a addr=b00004 data=0101 mask=00ff
S24MAME crkdown-fdc-write cpu=:maincpu time=10.661008100 pc=001648 addr=b00006 data=0707 mask=00ff
S24MAME crkdown-fdc-write cpu=:maincpu time=10.661014500 pc=001664 addr=b00000 data=9696 mask=00ff
S24MAME crkdown-fdc-write cpu=:maincpu time=10.789923500 pc=000eec addr=b00004 data=fefe mask=00ff
S24MAME crkdown-fdc-write cpu=:maincpu time=10.789934900 pc=000f12 addr=b00000 data=d0d0 mask=00ff
S24MAME crkdown-fdc-write cpu=:maincpu time=10.789938900 pc=000f20 addr=b00006 data=c0c0 mask=00ff
S24MAME crkdown-fdc-write cpu=:maincpu time=10.789940500 pc=000f26 addr=b00000 data=fefe mask=00ff
S24MAME crkdown-fdc-write cpu=:maincpu time=10.789944500 pc=000f34 addr=b00006 data=8a8a mask=00ff
S24MAME crkdown-fdc-write cpu=:maincpu time=10.789946100 pc=000f3a addr=b00000 data=fdfd mask=00ff
S24MAME crkdown-fdc-write cpu=:maincpu time=10.789985300 pc=001822 addr=b00006 data=3f3f mask=00ff
S24MAME crkdown-fdc-write cpu=:maincpu time=10.789989500 pc=001832 addr=b0000a data=0e0e mask=00ff
S24MAME crkdown-fdc-write cpu=:maincpu time=10.789993500 pc=00183e addr=b00000 data=1414 mask=00ff
S24MAME crkdown-fdc-write cpu=:maincpu time=10.790004500 pc=00163a addr=b00004 data=0101 mask=00ff
S24MAME crkdown-fdc-write cpu=:maincpu time=10.790008500 pc=001648 addr=b00006 data=0707 mask=00ff
S24MAME crkdown-fdc-write cpu=:maincpu time=10.790015700 pc=001664 addr=b00000 data=9e9e mask=00ff
S24MAME crkdown-fdc-write cpu=:maincpu time=10.912799900 pc=000eec addr=b00004 data=fefe mask=00ff
S24MAME crkdown-fdc-write cpu=:maincpu time=10.912811300 pc=000f12 addr=b00000 data=d0d0 mask=00ff
S24MAME crkdown-fdc-write cpu=:maincpu time=10.912815300 pc=000f20 addr=b00006 data=c0c0 mask=00ff
S24MAME crkdown-fdc-write cpu=:maincpu time=10.912816900 pc=000f26 addr=b00000 data=fefe mask=00ff
S24MAME crkdown-fdc-write cpu=:maincpu time=10.912820900 pc=000f34 addr=b00006 data=8a8a mask=00ff
S24MAME crkdown-fdc-write cpu=:maincpu time=10.912822500 pc=000f3a addr=b00000 data=fdfd mask=00ff
S24MAME crkdown-fdc-write cpu=:maincpu time=10.913435700 pc=000eec addr=b00004 data=0101 mask=00ff
S24MAME crkdown-fdc-write cpu=:maincpu time=10.913447100 pc=000f12 addr=b00000 data=d0d0 mask=00ff
S24MAME crkdown-fdc-write cpu=:maincpu time=10.913451100 pc=000f20 addr=b00006 data=c0c0 mask=00ff
S24MAME crkdown-fdc-write cpu=:maincpu time=10.913452700 pc=000f26 addr=b00000 data=fefe mask=00ff
S24MAME crkdown-fdc-write cpu=:maincpu time=10.913456700 pc=000f34 addr=b00006 data=8a8a mask=00ff
S24MAME crkdown-fdc-write cpu=:maincpu time=10.913458300 pc=000f3a addr=b00000 data=fdfd mask=00ff
S24MAME crkdown-fdc-write cpu=:maincpu time=10.914071500 pc=000eec addr=b00004 data=fefe mask=00ff
S24MAME crkdown-fdc-write cpu=:maincpu time=10.914082900 pc=000f12 addr=b00000 data=d0d0 mask=00ff
S24MAME crkdown-fdc-write cpu=:maincpu time=10.914086900 pc=000f20 addr=b00006 data=c0c0 mask=00ff
S24MAME crkdown-fdc-write cpu=:maincpu time=10.914088500 pc=000f26 addr=b00000 data=fefe mask=00ff
S24MAME crkdown-fdc-write cpu=:maincpu time=10.914092500 pc=000f34 addr=b00006 data=8a8a mask=00ff
S24MAME crkdown-fdc-write cpu=:maincpu time=10.914094100 pc=000f3a addr=b00000 data=fdfd mask=00ff
S24MAME crkdown-fdc-write cpu=:maincpu time=10.914707300 pc=000eec addr=b00004 data=0101 mask=00ff
S24MAME crkdown-fdc-write cpu=:maincpu time=10.914718700 pc=000f12 addr=b00000 data=d0d0 mask=00ff
S24MAME crkdown-fdc-write cpu=:maincpu time=10.914722700 pc=000f20 addr=b00006 data=c0c0 mask=00ff
S24MAME crkdown-fdc-write cpu=:maincpu time=10.914724300 pc=000f26 addr=b00000 data=fefe mask=00ff
S24MAME crkdown-fdc-write cpu=:maincpu time=10.914728300 pc=000f34 addr=b00006 data=8a8a mask=00ff
S24MAME crkdown-fdc-write cpu=:maincpu time=10.914729900 pc=000f3a addr=b00000 data=fdfd mask=00ff
S24MAME crkdown-fdc-write cpu=:maincpu time=10.915343100 pc=000eec addr=b00004 data=fefe mask=00ff
S24MAME crkdown-fdc-write cpu=:maincpu time=10.915354500 pc=000f12 addr=b00000 data=d0d0 mask=00ff
S24MAME crkdown-fdc-write cpu=:maincpu time=10.915358500 pc=000f20 addr=b00006 data=c0c0 mask=00ff
S24MAME crkdown-fdc-write cpu=:maincpu time=10.915360100 pc=000f26 addr=b00000 data=fefe mask=00ff
S24MAME crkdown-fdc-write cpu=:maincpu time=10.915364100 pc=000f34 addr=b00006 data=8a8a mask=00ff
S24MAME crkdown-fdc-write cpu=:maincpu time=10.915365700 pc=000f3a addr=b00000 data=fdfd mask=00ff
S24MAME crkdown-fdc-write cpu=:maincpu time=10.915978900 pc=000eec addr=b00004 data=0101 mask=00ff
S24MAME crkdown-fdc-write cpu=:maincpu time=10.915990300 pc=000f12 addr=b00000 data=d0d0 mask=00ff
S24MAME crkdown-fdc-write cpu=:maincpu time=10.915994300 pc=000f20 addr=b00006 data=c0c0 mask=00ff
S24MAME crkdown-fdc-write cpu=:maincpu time=10.915995900 pc=000f26 addr=b00000 data=fefe mask=00ff
S24MAME crkdown-fdc-write cpu=:maincpu time=10.915999900 pc=000f34 addr=b00006 data=8a8a mask=00ff
S24MAME crkdown-fdc-write cpu=:maincpu time=10.916001500 pc=000f3a addr=b00000 data=fdfd mask=00ff
S24MAME crkdown-fdc-write cpu=:maincpu time=10.916614700 pc=000eec addr=b00004 data=fefe mask=00ff
S24MAME crkdown-fdc-write cpu=:maincpu time=10.916626100 pc=000f12 addr=b00000 data=d0d0 mask=00ff
S24MAME crkdown-fdc-write cpu=:maincpu time=10.916630100 pc=000f20 addr=b00006 data=c0c0 mask=00ff
S24MAME crkdown-fdc-write cpu=:maincpu time=10.916631700 pc=000f26 addr=b00000 data=fefe mask=00ff
S24MAME crkdown-fdc-write cpu=:maincpu time=10.916635700 pc=000f34 addr=b00006 data=8a8a mask=00ff
S24MAME crkdown-fdc-write cpu=:maincpu time=10.916637300 pc=000f3a addr=b00000 data=fdfd mask=00ff
S24MAME crkdown-fdc-write cpu=:maincpu time=10.917039300 pc=000eec addr=b00004 data=0101 mask=00ff
S24MAME crkdown-fdc-write cpu=:maincpu time=10.917050700 pc=000f12 addr=b00000 data=d0d0 mask=00ff
S24MAME crkdown-fdc-write cpu=:maincpu time=10.917054700 pc=000f20 addr=b00006 data=c0c0 mask=00ff
S24MAME crkdown-fdc-write cpu=:maincpu time=10.917056300 pc=000f26 addr=b00000 data=fefe mask=00ff
S24MAME crkdown-fdc-write cpu=:maincpu time=10.917060300 pc=000f34 addr=b00006 data=8a8a mask=00ff
S24MAME crkdown-fdc-write cpu=:maincpu time=10.917061900 pc=000f3a addr=b00000 data=fdfd mask=00ff
S24MAME crkdown-fdc-write cpu=:maincpu time=10.917102500 pc=0017ec addr=b00000 data=0000 mask=00ff
S24MAME crkdown-fdc-write cpu=:maincpu time=10.917114500 pc=001822 addr=b00006 data=0101 mask=00ff
S24MAME crkdown-fdc-write cpu=:maincpu time=10.917118700 pc=001832 addr=b0000a data=0a0a mask=00ff
S24MAME crkdown-fdc-write cpu=:maincpu time=10.917122700 pc=00183e addr=b00000 data=1414 mask=00ff
S24MAME crkdown-fdc-write cpu=:maincpu time=10.917133700 pc=00163a addr=b00004 data=0101 mask=00ff
S24MAME crkdown-fdc-write cpu=:maincpu time=10.917137700 pc=001648 addr=b00006 data=0707 mask=00ff
S24MAME crkdown-fdc-write cpu=:maincpu time=10.917144100 pc=001664 addr=b00000 data=9696 mask=00ff
S24MAME crkdown-fdc-write cpu=:maincpu time=11.064352700 pc=001822 addr=b00006 data=0101 mask=00ff
S24MAME crkdown-fdc-write cpu=:maincpu time=11.064356900 pc=001832 addr=b0000a data=0e0e mask=00ff
S24MAME crkdown-fdc-write cpu=:maincpu time=11.064360900 pc=00183e addr=b00000 data=1414 mask=00ff
S24MAME crkdown-fdc-write cpu=:maincpu time=11.064371900 pc=00163a addr=b00004 data=0101 mask=00ff
S24MAME crkdown-fdc-write cpu=:maincpu time=11.064375900 pc=001648 addr=b00006 data=0707 mask=00ff
S24MAME crkdown-fdc-write cpu=:maincpu time=11.064383100 pc=001664 addr=b00000 data=9e9e mask=00ff
S24MAME crkdown-fdc-write cpu=:maincpu time=11.211873300 pc=001822 addr=b00006 data=0202 mask=00ff
S24MAME crkdown-fdc-write cpu=:maincpu time=11.211877500 pc=001832 addr=b0000a data=0a0a mask=00ff
S24MAME crkdown-fdc-write cpu=:maincpu time=11.211881500 pc=00183e addr=b00000 data=1414 mask=00ff
S24MAME crkdown-fdc-write cpu=:maincpu time=11.211892500 pc=00163a addr=b00004 data=0101 mask=00ff
S24MAME crkdown-fdc-write cpu=:maincpu time=11.211896500 pc=001648 addr=b00006 data=0707 mask=00ff
S24MAME crkdown-fdc-write cpu=:maincpu time=11.211902900 pc=001664 addr=b00000 data=9696 mask=00ff
S24MAME crkdown-fdc-write cpu=:maincpu time=11.359393100 pc=001822 addr=b00006 data=0202 mask=00ff
S24MAME crkdown-fdc-write cpu=:maincpu time=11.359397300 pc=001832 addr=b0000a data=0e0e mask=00ff
S24MAME crkdown-fdc-write cpu=:maincpu time=11.359401300 pc=00183e addr=b00000 data=1414 mask=00ff
S24MAME crkdown-fdc-write cpu=:maincpu time=11.359412300 pc=00163a addr=b00004 data=0101 mask=00ff
S24MAME crkdown-fdc-write cpu=:maincpu time=11.359416300 pc=001648 addr=b00006 data=0707 mask=00ff
S24MAME crkdown-fdc-write cpu=:maincpu time=11.359423500 pc=001664 addr=b00000 data=9e9e mask=00ff
S24MAME crkdown-fdc-write cpu=:maincpu time=11.506913700 pc=001822 addr=b00006 data=0303 mask=00ff
S24MAME crkdown-fdc-write cpu=:maincpu time=11.506917900 pc=001832 addr=b0000a data=0a0a mask=00ff
S24MAME crkdown-fdc-write cpu=:maincpu time=11.506921900 pc=00183e addr=b00000 data=1414 mask=00ff
S24MAME crkdown-fdc-write cpu=:maincpu time=11.506932900 pc=00163a addr=b00004 data=0101 mask=00ff
S24MAME crkdown-fdc-write cpu=:maincpu time=11.506936900 pc=001648 addr=b00006 data=0707 mask=00ff
S24MAME crkdown-fdc-write cpu=:maincpu time=11.506943300 pc=001664 addr=b00000 data=9696 mask=00ff
S24MAME crkdown-fdc-write cpu=:maincpu time=11.654433500 pc=001822 addr=b00006 data=0303 mask=00ff
S24MAME crkdown-fdc-write cpu=:maincpu time=11.654437700 pc=001832 addr=b0000a data=0e0e mask=00ff
S24MAME crkdown-fdc-write cpu=:maincpu time=11.654441700 pc=00183e addr=b00000 data=1414 mask=00ff
S24MAME crkdown-fdc-write cpu=:maincpu time=11.654452700 pc=00163a addr=b00004 data=0101 mask=00ff
S24MAME crkdown-fdc-write cpu=:maincpu time=11.654456700 pc=001648 addr=b00006 data=0707 mask=00ff
S24MAME crkdown-fdc-write cpu=:maincpu time=11.654463900 pc=001664 addr=b00000 data=9e9e mask=00ff
S24MAME crkdown-fdc-write cpu=:maincpu time=11.801954100 pc=001822 addr=b00006 data=0404 mask=00ff
S24MAME crkdown-fdc-write cpu=:maincpu time=11.801958300 pc=001832 addr=b0000a data=0a0a mask=00ff
S24MAME crkdown-fdc-write cpu=:maincpu time=11.801962300 pc=00183e addr=b00000 data=1414 mask=00ff
S24MAME crkdown-fdc-write cpu=:maincpu time=11.801973300 pc=00163a addr=b00004 data=0101 mask=00ff
S24MAME crkdown-fdc-write cpu=:maincpu time=11.801977300 pc=001648 addr=b00006 data=0707 mask=00ff
S24MAME crkdown-fdc-write cpu=:maincpu time=11.801983700 pc=001664 addr=b00000 data=9696 mask=00ff
S24MAME crkdown-fdc-write cpu=:maincpu time=11.949473900 pc=001822 addr=b00006 data=0404 mask=00ff
S24MAME crkdown-fdc-write cpu=:maincpu time=11.949478100 pc=001832 addr=b0000a data=0e0e mask=00ff
S24MAME crkdown-fdc-write cpu=:maincpu time=11.949482100 pc=00183e addr=b00000 data=1414 mask=00ff
S24MAME crkdown-fdc-write cpu=:maincpu time=11.949493100 pc=00163a addr=b00004 data=0101 mask=00ff
S24MAME crkdown-fdc-write cpu=:maincpu time=11.949497100 pc=001648 addr=b00006 data=0707 mask=00ff
S24MAME crkdown-fdc-write cpu=:maincpu time=11.949504300 pc=001664 addr=b00000 data=9e9e mask=00ff
S24MAME crkdown-fdc-write cpu=:maincpu time=12.081933300 pc=000eec addr=b00004 data=fefe mask=00ff
S24MAME crkdown-fdc-write cpu=:maincpu time=12.081944700 pc=000f12 addr=b00000 data=d0d0 mask=00ff
S24MAME crkdown-fdc-write cpu=:maincpu time=12.081948700 pc=000f20 addr=b00006 data=c0c0 mask=00ff
S24MAME crkdown-fdc-write cpu=:maincpu time=12.081950300 pc=000f26 addr=b00000 data=fefe mask=00ff
S24MAME crkdown-fdc-write cpu=:maincpu time=12.081954300 pc=000f34 addr=b00006 data=8a8a mask=00ff
S24MAME crkdown-fdc-write cpu=:maincpu time=12.081955900 pc=000f3a addr=b00000 data=fdfd mask=00ff
S24MAME crkdown-fdc-write cpu=:maincpu time=12.081995500 pc=001822 addr=b00006 data=0f0f mask=00ff
S24MAME crkdown-fdc-write cpu=:maincpu time=12.081999700 pc=001832 addr=b0000a data=0a0a mask=00ff
S24MAME crkdown-fdc-write cpu=:maincpu time=12.082003700 pc=00183e addr=b00000 data=1414 mask=00ff
S24MAME crkdown-fdc-write cpu=:maincpu time=12.082014700 pc=00163a addr=b00004 data=0101 mask=00ff
S24MAME crkdown-fdc-write cpu=:maincpu time=12.082018700 pc=001648 addr=b00006 data=0707 mask=00ff
S24MAME crkdown-fdc-write cpu=:maincpu time=12.082025100 pc=001664 addr=b00000 data=9696 mask=00ff
S24MAME crkdown-fdc-write cpu=:maincpu time=12.214876500 pc=000eec addr=b00004 data=fefe mask=00ff
S24MAME crkdown-fdc-write cpu=:maincpu time=12.214887900 pc=000f12 addr=b00000 data=d0d0 mask=00ff
S24MAME crkdown-fdc-write cpu=:maincpu time=12.214891900 pc=000f20 addr=b00006 data=c0c0 mask=00ff
S24MAME crkdown-fdc-write cpu=:maincpu time=12.214893500 pc=000f26 addr=b00000 data=fefe mask=00ff
S24MAME crkdown-fdc-write cpu=:maincpu time=12.214897500 pc=000f34 addr=b00006 data=8a8a mask=00ff
S24MAME crkdown-fdc-write cpu=:maincpu time=12.214899100 pc=000f3a addr=b00000 data=fdfd mask=00ff
S24MAME crkdown-fdc-write cpu=:maincpu time=12.214938900 pc=001822 addr=b00006 data=1212 mask=00ff
S24MAME crkdown-fdc-write cpu=:maincpu time=12.214943100 pc=001832 addr=b0000a data=0e0e mask=00ff
S24MAME crkdown-fdc-write cpu=:maincpu time=12.214947100 pc=00183e addr=b00000 data=1414 mask=00ff
S24MAME crkdown-fdc-write cpu=:maincpu time=12.214958100 pc=00163a addr=b00004 data=0101 mask=00ff
S24MAME crkdown-fdc-write cpu=:maincpu time=12.214962100 pc=001648 addr=b00006 data=0707 mask=00ff
S24MAME crkdown-fdc-write cpu=:maincpu time=12.214969300 pc=001664 addr=b00000 data=9e9e mask=00ff
S24MAME crkdown-fdc-write cpu=:maincpu time=12.344441500 pc=000eec addr=b00004 data=fefe mask=00ff
S24MAME crkdown-fdc-write cpu=:maincpu time=12.344452900 pc=000f12 addr=b00000 data=d0d0 mask=00ff
S24MAME crkdown-fdc-write cpu=:maincpu time=12.344456900 pc=000f20 addr=b00006 data=c0c0 mask=00ff
S24MAME crkdown-fdc-write cpu=:maincpu time=12.344458500 pc=000f26 addr=b00000 data=fefe mask=00ff
S24MAME crkdown-fdc-write cpu=:maincpu time=12.344462500 pc=000f34 addr=b00006 data=8a8a mask=00ff
S24MAME crkdown-fdc-write cpu=:maincpu time=12.344464100 pc=000f3a addr=b00000 data=fdfd mask=00ff
S24MAME crkdown-fdc-write cpu=:maincpu time=12.356830300 pc=001822 addr=b00006 data=1313 mask=00ff
S24MAME crkdown-fdc-write cpu=:maincpu time=12.356834500 pc=001832 addr=b0000a data=0a0a mask=00ff
S24MAME crkdown-fdc-write cpu=:maincpu time=12.356838500 pc=00183e addr=b00000 data=1414 mask=00ff
S24MAME crkdown-fdc-write cpu=:maincpu time=12.356849500 pc=00163a addr=b00004 data=0101 mask=00ff
S24MAME crkdown-fdc-write cpu=:maincpu time=12.356853500 pc=001648 addr=b00006 data=0707 mask=00ff
S24MAME crkdown-fdc-write cpu=:maincpu time=12.356859900 pc=001664 addr=b00000 data=9696 mask=00ff
S24MAME crkdown-fdc-write cpu=:maincpu time=12.484677700 pc=000eec addr=b00004 data=fefe mask=00ff
S24MAME crkdown-fdc-write cpu=:maincpu time=12.484689100 pc=000f12 addr=b00000 data=d0d0 mask=00ff
S24MAME crkdown-fdc-write cpu=:maincpu time=12.484693100 pc=000f20 addr=b00006 data=c0c0 mask=00ff
S24MAME crkdown-fdc-write cpu=:maincpu time=12.484694700 pc=000f26 addr=b00000 data=fefe mask=00ff
S24MAME crkdown-fdc-write cpu=:maincpu time=12.484698700 pc=000f34 addr=b00006 data=8a8a mask=00ff
S24MAME crkdown-fdc-write cpu=:maincpu time=12.484700300 pc=000f3a addr=b00000 data=fdfd mask=00ff
S24MAME crkdown-fdc-write cpu=:maincpu time=12.486475700 pc=000eec addr=b00004 data=0101 mask=00ff
S24MAME crkdown-fdc-write cpu=:maincpu time=12.486487100 pc=000f12 addr=b00000 data=d0d0 mask=00ff
S24MAME crkdown-fdc-write cpu=:maincpu time=12.486491100 pc=000f20 addr=b00006 data=c0c0 mask=00ff
S24MAME crkdown-fdc-write cpu=:maincpu time=12.486492700 pc=000f26 addr=b00000 data=fefe mask=00ff
S24MAME crkdown-fdc-write cpu=:maincpu time=12.486496700 pc=000f34 addr=b00006 data=8a8a mask=00ff
S24MAME crkdown-fdc-write cpu=:maincpu time=12.486498300 pc=000f3a addr=b00000 data=fdfd mask=00ff
S24MAME crkdown-fdc-write cpu=:maincpu time=12.486538500 pc=0017ec addr=b00000 data=0000 mask=00ff
S24MAME crkdown-fdc-write cpu=:maincpu time=12.486550500 pc=001822 addr=b00006 data=0d0d mask=00ff
S24MAME crkdown-fdc-write cpu=:maincpu time=12.486554700 pc=001832 addr=b0000a data=0a0a mask=00ff
S24MAME crkdown-fdc-write cpu=:maincpu time=12.486558700 pc=00183e addr=b00000 data=1414 mask=00ff
S24MAME crkdown-fdc-write cpu=:maincpu time=12.486569700 pc=00163a addr=b00004 data=0101 mask=00ff
S24MAME crkdown-fdc-write cpu=:maincpu time=12.486573700 pc=001648 addr=b00006 data=0707 mask=00ff
S24MAME crkdown-fdc-write cpu=:maincpu time=12.486580100 pc=001664 addr=b00000 data=9696 mask=00ff
S24MAME crkdown-check frame=721 time=12.535504 mainpc=001924 subpc=000000
S24MAME crkdown-fdc-write cpu=:maincpu time=12.628860700 pc=001822 addr=b00006 data=0d0d mask=00ff
S24MAME crkdown-fdc-write cpu=:maincpu time=12.628864900 pc=001832 addr=b0000a data=0e0e mask=00ff
S24MAME crkdown-fdc-write cpu=:maincpu time=12.628868900 pc=00183e addr=b00000 data=1414 mask=00ff
S24MAME crkdown-fdc-write cpu=:maincpu time=12.628879900 pc=00163a addr=b00004 data=0101 mask=00ff
S24MAME crkdown-fdc-write cpu=:maincpu time=12.628883900 pc=001648 addr=b00006 data=0707 mask=00ff
S24MAME crkdown-fdc-write cpu=:maincpu time=12.628891100 pc=001664 addr=b00000 data=9e9e mask=00ff
S24MAME crkdown-fdc-write cpu=:maincpu time=12.776381300 pc=001822 addr=b00006 data=0e0e mask=00ff
S24MAME crkdown-fdc-write cpu=:maincpu time=12.776385500 pc=001832 addr=b0000a data=0a0a mask=00ff
S24MAME crkdown-fdc-write cpu=:maincpu time=12.776389500 pc=00183e addr=b00000 data=1414 mask=00ff
S24MAME crkdown-fdc-write cpu=:maincpu time=12.776400500 pc=00163a addr=b00004 data=0101 mask=00ff
S24MAME crkdown-fdc-write cpu=:maincpu time=12.776404500 pc=001648 addr=b00006 data=0707 mask=00ff
S24MAME crkdown-fdc-write cpu=:maincpu time=12.776410900 pc=001664 addr=b00000 data=9696 mask=00ff
S24MAME crkdown-fdc-write cpu=:maincpu time=12.908276700 pc=000eec addr=b00004 data=fefe mask=00ff
S24MAME crkdown-fdc-write cpu=:maincpu time=12.908288100 pc=000f12 addr=b00000 data=d0d0 mask=00ff
S24MAME crkdown-fdc-write cpu=:maincpu time=12.908292100 pc=000f20 addr=b00006 data=c0c0 mask=00ff
S24MAME crkdown-fdc-write cpu=:maincpu time=12.908293700 pc=000f26 addr=b00000 data=fefe mask=00ff
S24MAME crkdown-fdc-write cpu=:maincpu time=12.908297700 pc=000f34 addr=b00006 data=8a8a mask=00ff
S24MAME crkdown-fdc-write cpu=:maincpu time=12.908299300 pc=000f3a addr=b00000 data=fdfd mask=00ff
S24MAME crkdown-fdc-write cpu=:maincpu time=12.908338700 pc=001822 addr=b00006 data=3636 mask=00ff
S24MAME crkdown-fdc-write cpu=:maincpu time=12.908342900 pc=001832 addr=b0000a data=0a0a mask=00ff
S24MAME crkdown-fdc-write cpu=:maincpu time=12.908346900 pc=00183e addr=b00000 data=1414 mask=00ff
S24MAME crkdown-fdc-write cpu=:maincpu time=12.908357900 pc=00163a addr=b00004 data=0101 mask=00ff
S24MAME crkdown-fdc-write cpu=:maincpu time=12.908361900 pc=001648 addr=b00006 data=0707 mask=00ff
S24MAME crkdown-fdc-write cpu=:maincpu time=12.908368300 pc=001664 addr=b00000 data=9696 mask=00ff
S24MAME crkdown-fdc-write cpu=:maincpu time=13.038962500 pc=001822 addr=b00006 data=3636 mask=00ff
S24MAME crkdown-fdc-write cpu=:maincpu time=13.038966700 pc=001832 addr=b0000a data=0e0e mask=00ff
S24MAME crkdown-fdc-write cpu=:maincpu time=13.038970700 pc=00183e addr=b00000 data=1414 mask=00ff
S24MAME crkdown-fdc-write cpu=:maincpu time=13.038981700 pc=00163a addr=b00004 data=0101 mask=00ff
S24MAME crkdown-fdc-write cpu=:maincpu time=13.038985700 pc=001648 addr=b00006 data=0707 mask=00ff
S24MAME crkdown-fdc-write cpu=:maincpu time=13.038992900 pc=001664 addr=b00000 data=9e9e mask=00ff
S24MAME crkdown-fdc-write cpu=:maincpu time=13.186483100 pc=001822 addr=b00006 data=3737 mask=00ff
S24MAME crkdown-fdc-write cpu=:maincpu time=13.186487300 pc=001832 addr=b0000a data=0a0a mask=00ff
S24MAME crkdown-fdc-write cpu=:maincpu time=13.186491300 pc=00183e addr=b00000 data=1414 mask=00ff
S24MAME crkdown-fdc-write cpu=:maincpu time=13.186502300 pc=00163a addr=b00004 data=0101 mask=00ff
S24MAME crkdown-fdc-write cpu=:maincpu time=13.186506300 pc=001648 addr=b00006 data=0707 mask=00ff
S24MAME crkdown-fdc-write cpu=:maincpu time=13.186512700 pc=001664 addr=b00000 data=9696 mask=00ff
S24MAME crkdown-fdc-write cpu=:maincpu time=13.333796100 pc=000eec addr=b00004 data=fefe mask=00ff
S24MAME crkdown-fdc-write cpu=:maincpu time=13.333807500 pc=000f12 addr=b00000 data=d0d0 mask=00ff
S24MAME crkdown-fdc-write cpu=:maincpu time=13.333811500 pc=000f20 addr=b00006 data=c0c0 mask=00ff
S24MAME crkdown-fdc-write cpu=:maincpu time=13.333813100 pc=000f26 addr=b00000 data=fefe mask=00ff
S24MAME crkdown-fdc-write cpu=:maincpu time=13.333817100 pc=000f34 addr=b00006 data=8a8a mask=00ff
S24MAME crkdown-fdc-write cpu=:maincpu time=13.333818700 pc=000f3a addr=b00000 data=fdfd mask=00ff
S24MAME crkdown-fdc-write cpu=:maincpu time=13.333858700 pc=001822 addr=b00006 data=4141 mask=00ff
S24MAME crkdown-fdc-write cpu=:maincpu time=13.333862900 pc=001832 addr=b0000a data=0e0e mask=00ff
S24MAME crkdown-fdc-write cpu=:maincpu time=13.333866900 pc=00183e addr=b00000 data=1414 mask=00ff
S24MAME crkdown-fdc-write cpu=:maincpu time=13.333877900 pc=00163a addr=b00004 data=0101 mask=00ff
S24MAME crkdown-fdc-write cpu=:maincpu time=13.333881900 pc=001648 addr=b00006 data=0707 mask=00ff
S24MAME crkdown-fdc-write cpu=:maincpu time=13.333889100 pc=001664 addr=b00000 data=9e9e mask=00ff
S24MAME crkdown-fdc-write cpu=:maincpu time=13.456532500 pc=000eec addr=b00004 data=fefe mask=00ff
S24MAME crkdown-fdc-write cpu=:maincpu time=13.456543900 pc=000f12 addr=b00000 data=d0d0 mask=00ff
S24MAME crkdown-fdc-write cpu=:maincpu time=13.456547900 pc=000f20 addr=b00006 data=c0c0 mask=00ff
S24MAME crkdown-fdc-write cpu=:maincpu time=13.456549500 pc=000f26 addr=b00000 data=fefe mask=00ff
S24MAME crkdown-fdc-write cpu=:maincpu time=13.456553500 pc=000f34 addr=b00006 data=8a8a mask=00ff
S24MAME crkdown-fdc-write cpu=:maincpu time=13.456555100 pc=000f3a addr=b00000 data=fdfd mask=00ff
S24MAME crkdown-fdc-write cpu=:maincpu time=13.457098700 pc=000eec addr=b00004 data=0101 mask=00ff
S24MAME crkdown-fdc-write cpu=:maincpu time=13.457110100 pc=000f12 addr=b00000 data=d0d0 mask=00ff
S24MAME crkdown-fdc-write cpu=:maincpu time=13.457114100 pc=000f20 addr=b00006 data=c0c0 mask=00ff
S24MAME crkdown-fdc-write cpu=:maincpu time=13.457115700 pc=000f26 addr=b00000 data=fefe mask=00ff
S24MAME crkdown-fdc-write cpu=:maincpu time=13.457119700 pc=000f34 addr=b00006 data=8a8a mask=00ff
S24MAME crkdown-fdc-write cpu=:maincpu time=13.457121300 pc=000f3a addr=b00000 data=fdfd mask=00ff
S24MAME crkdown-fdc-write cpu=:maincpu time=13.457664900 pc=000eec addr=b00004 data=fefe mask=00ff
S24MAME crkdown-fdc-write cpu=:maincpu time=13.457676300 pc=000f12 addr=b00000 data=d0d0 mask=00ff
S24MAME crkdown-fdc-write cpu=:maincpu time=13.457680300 pc=000f20 addr=b00006 data=c0c0 mask=00ff
S24MAME crkdown-fdc-write cpu=:maincpu time=13.457681900 pc=000f26 addr=b00000 data=fefe mask=00ff
S24MAME crkdown-fdc-write cpu=:maincpu time=13.457685900 pc=000f34 addr=b00006 data=8a8a mask=00ff
S24MAME crkdown-fdc-write cpu=:maincpu time=13.457687500 pc=000f3a addr=b00000 data=fdfd mask=00ff
S24MAME crkdown-fdc-write cpu=:maincpu time=13.458231100 pc=000eec addr=b00004 data=0101 mask=00ff
S24MAME crkdown-fdc-write cpu=:maincpu time=13.458242500 pc=000f12 addr=b00000 data=d0d0 mask=00ff
S24MAME crkdown-fdc-write cpu=:maincpu time=13.458246500 pc=000f20 addr=b00006 data=c0c0 mask=00ff
S24MAME crkdown-fdc-write cpu=:maincpu time=13.458248100 pc=000f26 addr=b00000 data=fefe mask=00ff
S24MAME crkdown-fdc-write cpu=:maincpu time=13.458252100 pc=000f34 addr=b00006 data=8a8a mask=00ff
S24MAME crkdown-fdc-write cpu=:maincpu time=13.458253700 pc=000f3a addr=b00000 data=fdfd mask=00ff
S24MAME crkdown-fdc-write cpu=:maincpu time=13.464957700 pc=001020 addr=b00004 data=fefe mask=00ff
S24MAME crkdown-fdc-write cpu=:maincpu time=13.464970300 pc=001046 addr=b00000 data=d0d0 mask=00ff
S24MAME crkdown-fdc-write cpu=:maincpu time=13.464974300 pc=001054 addr=b00006 data=c0c0 mask=00ff
S24MAME crkdown-fdc-write cpu=:maincpu time=13.464975900 pc=00105a addr=b00000 data=fefe mask=00ff
S24MAME crkdown-fdc-write cpu=:maincpu time=13.464979900 pc=001068 addr=b00006 data=8a8a mask=00ff
S24MAME crkdown-fdc-write cpu=:maincpu time=13.464981500 pc=00106e addr=b00000 data=fdfd mask=00ff
S24MAME crkdown-fdc-write cpu=:maincpu time=13.464999300 pc=0017ec addr=b00000 data=0000 mask=00ff
S24MAME crkdown-fdc-write cpu=:maincpu time=13.465011300 pc=001822 addr=b00006 data=0000 mask=00ff
S24MAME crkdown-fdc-write cpu=:maincpu time=13.465015500 pc=001832 addr=b0000a data=0a0a mask=00ff
S24MAME crkdown-fdc-write cpu=:maincpu time=13.465019500 pc=00183e addr=b00000 data=1414 mask=00ff
S24MAME crkdown-fdc-write cpu=:maincpu time=13.465030500 pc=00163a addr=b00004 data=0101 mask=00ff
S24MAME crkdown-fdc-write cpu=:maincpu time=13.465034500 pc=001648 addr=b00006 data=0707 mask=00ff
S24MAME crkdown-fdc-write cpu=:maincpu time=13.465040900 pc=001664 addr=b00000 data=9696 mask=00ff
S24MAME crkdown-fdc-write cpu=:maincpu time=13.611964900 pc=001822 addr=b00006 data=0000 mask=00ff
S24MAME crkdown-fdc-write cpu=:maincpu time=13.611969100 pc=001832 addr=b0000a data=0e0e mask=00ff
S24MAME crkdown-fdc-write cpu=:maincpu time=13.611973100 pc=00183e addr=b00000 data=1414 mask=00ff
S24MAME crkdown-fdc-write cpu=:maincpu time=13.611988700 pc=0016b4 addr=b00004 data=0101 mask=00ff
S24MAME crkdown-fdc-write cpu=:maincpu time=13.611992700 pc=0016c2 addr=b00006 data=0707 mask=00ff
S24MAME crkdown-fdc-write cpu=:maincpu time=13.611999900 pc=0016de addr=b00000 data=9e9e mask=00ff
S24MAME crkdown-fdc-write cpu=:maincpu time=13.743725300 pc=0021d4 addr=b00004 data=fefe mask=00ff
S24MAME crkdown-fdc-write cpu=:maincpu time=13.743735300 pc=0018a8 addr=b0000a data=0000 mask=00ff
S24MAME crkdown-io-write cpu=:maincpu time=13.743866100 pc=0808cc addr=80001c canonical=1c data=0202 mask=00ff
S24MAME crkdown-fdc-write cpu=:subcpu time=13.743883700 pc=0090fe addr=b0000a data=0a0a mask=00ff
S24MAME crkdown-io-write cpu=:maincpu time=13.746124700 pc=0808e8 addr=80001c canonical=1c data=0606 mask=00ff
S24MAME crkdown-check frame=841 time=14.621584 mainpc=08041a subpc=00912a
S24MAME crkdown-io-write cpu=:maincpu time=14.969288100 pc=080818 addr=800006 canonical=06 data=0000 mask=00ff
S24MAME crkdown-fdc-write cpu=:maincpu time=14.969561900 pc=0021d4 addr=b00004 data=0101 mask=00ff
S24MAME crkdown-fdc-write cpu=:maincpu time=14.969572100 pc=0018b2 addr=b0000a data=0a0a mask=00ff
S24MAME crkdown-io-write cpu=:subcpu time=14.986731800 pc=009500 addr=800006 canonical=06 data=0000 mask=00ff
S24MAME crkdown-io-write cpu=:subcpu time=15.004115800 pc=009500 addr=800006 canonical=06 data=0000 mask=00ff
S24MAME crkdown-io-write cpu=:subcpu time=15.021498800 pc=009500 addr=800006 canonical=06 data=0000 mask=00ff
S24MAME crkdown-io-write cpu=:subcpu time=15.038882800 pc=009500 addr=800006 canonical=06 data=0000 mask=00ff
S24MAME crkdown-io-write cpu=:subcpu time=15.056266800 pc=009500 addr=800006 canonical=06 data=0000 mask=00ff
S24MAME crkdown-io-write cpu=:subcpu time=15.073650800 pc=009500 addr=800006 canonical=06 data=0000 mask=00ff
S24MAME crkdown-io-write cpu=:subcpu time=15.091036800 pc=009500 addr=800006 canonical=06 data=0000 mask=00ff
S24MAME crkdown-io-write cpu=:subcpu time=15.108418800 pc=009500 addr=800006 canonical=06 data=0000 mask=00ff
S24MAME crkdown-io-write cpu=:subcpu time=15.125802800 pc=009500 addr=800006 canonical=06 data=0000 mask=00ff
S24MAME crkdown-io-write cpu=:subcpu time=15.143186800 pc=009500 addr=800006 canonical=06 data=0000 mask=00ff
S24MAME crkdown-io-write cpu=:subcpu time=15.160570800 pc=009500 addr=800006 canonical=06 data=0000 mask=00ff
S24MAME crkdown-io-write cpu=:subcpu time=15.177954800 pc=009500 addr=800006 canonical=06 data=0000 mask=00ff
S24MAME crkdown-io-write cpu=:subcpu time=15.195338800 pc=009500 addr=800006 canonical=06 data=0000 mask=00ff
S24MAME crkdown-io-write cpu=:subcpu time=15.212722800 pc=009500 addr=800006 canonical=06 data=0000 mask=00ff
S24MAME crkdown-io-write cpu=:subcpu time=15.230106800 pc=009500 addr=800006 canonical=06 data=0000 mask=00ff
S24MAME crkdown-io-write cpu=:subcpu time=15.247490800 pc=009500 addr=800006 canonical=06 data=0000 mask=00ff
S24MAME crkdown-io-write cpu=:subcpu time=15.264874800 pc=009500 addr=800006 canonical=06 data=0000 mask=00ff
S24MAME crkdown-io-write cpu=:subcpu time=15.282258800 pc=009500 addr=800006 canonical=06 data=0000 mask=00ff
S24MAME crkdown-io-write cpu=:subcpu time=15.299642800 pc=009500 addr=800006 canonical=06 data=0000 mask=00ff
S24MAME crkdown-io-write cpu=:subcpu time=15.317026800 pc=009500 addr=800006 canonical=06 data=0000 mask=00ff
S24MAME crkdown-io-write cpu=:subcpu time=15.334410800 pc=009500 addr=800006 canonical=06 data=0000 mask=00ff
S24MAME crkdown-io-write cpu=:subcpu time=15.351794800 pc=009500 addr=800006 canonical=06 data=0000 mask=00ff
S24MAME crkdown-io-write cpu=:subcpu time=15.369178800 pc=009500 addr=800006 canonical=06 data=0000 mask=00ff
S24MAME crkdown-io-write cpu=:subcpu time=15.386562800 pc=009500 addr=800006 canonical=06 data=0000 mask=00ff
S24MAME crkdown-io-write cpu=:subcpu time=15.403946800 pc=009500 addr=800006 canonical=06 data=0000 mask=00ff
S24MAME crkdown-io-write cpu=:subcpu time=15.421330800 pc=009500 addr=800006 canonical=06 data=0000 mask=00ff
S24MAME crkdown-io-write cpu=:subcpu time=15.438714800 pc=009500 addr=800006 canonical=06 data=0000 mask=00ff
S24MAME crkdown-io-write cpu=:subcpu time=15.456098800 pc=009500 addr=800006 canonical=06 data=0000 mask=00ff
S24MAME crkdown-io-write cpu=:subcpu time=15.473482800 pc=009500 addr=800006 canonical=06 data=0000 mask=00ff
S24MAME crkdown-io-write cpu=:subcpu time=15.490866800 pc=009500 addr=800006 canonical=06 data=0000 mask=00ff
S24MAME crkdown-io-write cpu=:subcpu time=15.508250800 pc=009500 addr=800006 canonical=06 data=0000 mask=00ff
S24MAME crkdown-io-write cpu=:subcpu time=15.525634800 pc=009500 addr=800006 canonical=06 data=0000 mask=00ff
S24MAME crkdown-io-write cpu=:subcpu time=15.543018800 pc=009500 addr=800006 canonical=06 data=0000 mask=00ff
S24MAME crkdown-io-write cpu=:subcpu time=15.560402800 pc=009500 addr=800006 canonical=06 data=0000 mask=00ff
S24MAME crkdown-io-write cpu=:subcpu time=15.577786800 pc=009500 addr=800006 canonical=06 data=0000 mask=00ff
S24MAME crkdown-io-write cpu=:subcpu time=15.595170800 pc=009500 addr=800006 canonical=06 data=0000 mask=00ff
S24MAME crkdown-io-write cpu=:subcpu time=15.612554800 pc=009500 addr=800006 canonical=06 data=0000 mask=00ff
S24MAME crkdown-fdc-write cpu=:maincpu time=15.619006100 pc=000eec addr=b00004 data=fefe mask=00ff
S24MAME crkdown-fdc-write cpu=:maincpu time=15.619017500 pc=000f12 addr=b00000 data=d0d0 mask=00ff
S24MAME crkdown-fdc-write cpu=:maincpu time=15.619021500 pc=000f20 addr=b00006 data=c0c0 mask=00ff
S24MAME crkdown-fdc-write cpu=:maincpu time=15.619023100 pc=000f26 addr=b00000 data=fefe mask=00ff
S24MAME crkdown-fdc-write cpu=:maincpu time=15.619027100 pc=000f34 addr=b00006 data=8a8a mask=00ff
S24MAME crkdown-fdc-write cpu=:maincpu time=15.619028700 pc=000f3a addr=b00000 data=fdfd mask=00ff
S24MAME crkdown-fdc-write cpu=:maincpu time=15.619068700 pc=001822 addr=b00006 data=4141 mask=00ff
S24MAME crkdown-fdc-write cpu=:maincpu time=15.619072900 pc=001832 addr=b0000a data=0a0a mask=00ff
S24MAME crkdown-fdc-write cpu=:maincpu time=15.619076900 pc=00183e addr=b00000 data=1414 mask=00ff
S24MAME crkdown-fdc-write cpu=:maincpu time=15.619087900 pc=00163a addr=b00004 data=0101 mask=00ff
S24MAME crkdown-fdc-write cpu=:maincpu time=15.619091900 pc=001648 addr=b00006 data=0707 mask=00ff
S24MAME crkdown-fdc-write cpu=:maincpu time=15.619098300 pc=001664 addr=b00000 data=9696 mask=00ff
S24MAME crkdown-io-write cpu=:subcpu time=15.629938800 pc=009500 addr=800006 canonical=06 data=0000 mask=00ff
S24MAME crkdown-io-write cpu=:subcpu time=15.647322800 pc=009500 addr=800006 canonical=06 data=0000 mask=00ff
S24MAME crkdown-io-write cpu=:subcpu time=15.664706800 pc=009500 addr=800006 canonical=06 data=0000 mask=00ff
S24MAME crkdown-io-write cpu=:subcpu time=15.682090800 pc=009500 addr=800006 canonical=06 data=0000 mask=00ff
S24MAME crkdown-io-write cpu=:subcpu time=15.699474800 pc=009500 addr=800006 canonical=06 data=0000 mask=00ff
S24MAME crkdown-io-write cpu=:subcpu time=15.716858800 pc=009500 addr=800006 canonical=06 data=0000 mask=00ff
S24MAME crkdown-io-write cpu=:subcpu time=15.734242800 pc=009500 addr=800006 canonical=06 data=0000 mask=00ff
S24MAME crkdown-fdc-write cpu=:maincpu time=15.741647500 pc=0021d4 addr=b00004 data=fefe mask=00ff
S24MAME crkdown-fdc-write cpu=:maincpu time=15.741657500 pc=0018a8 addr=b0000a data=0000 mask=00ff
S24MAME crkdown-io-write cpu=:maincpu time=15.751568100 pc=080818 addr=800006 canonical=06 data=0000 mask=00ff
S24MAME crkdown-io-write cpu=:subcpu time=15.751699200 pc=02bafc addr=80001c canonical=1c data=0202 mask=00ff
S24MAME crkdown-io-write cpu=:subcpu time=15.753957800 pc=02bb18 addr=80001c canonical=1c data=0606 mask=00ff
S24MAME crkdown-io-write cpu=:maincpu time=15.768951100 pc=080818 addr=800006 canonical=06 data=0000 mask=00ff
S24MAME crkdown-io-write cpu=:maincpu time=15.786336100 pc=080818 addr=800006 canonical=06 data=0000 mask=00ff
S24MAME crkdown-io-write cpu=:maincpu time=15.803720100 pc=080818 addr=800006 canonical=06 data=0000 mask=00ff
S24MAME crkdown-io-write cpu=:maincpu time=15.821104100 pc=080818 addr=800006 canonical=06 data=0000 mask=00ff
S24MAME crkdown-io-write cpu=:maincpu time=15.838487100 pc=080818 addr=800006 canonical=06 data=0000 mask=00ff
S24MAME crkdown-io-write cpu=:maincpu time=15.855872100 pc=080818 addr=800006 canonical=06 data=0000 mask=00ff
S24MAME crkdown-io-write cpu=:maincpu time=15.873255100 pc=080818 addr=800006 canonical=06 data=0000 mask=00ff
S24MAME crkdown-io-write cpu=:maincpu time=15.890640100 pc=080818 addr=800006 canonical=06 data=0000 mask=00ff
S24MAME crkdown-fdc-write cpu=:maincpu time=15.890913900 pc=0021d4 addr=b00004 data=0101 mask=00ff
S24MAME crkdown-fdc-write cpu=:maincpu time=15.890924100 pc=0018b2 addr=b0000a data=0a0a mask=00ff
S24MAME crkdown-io-write cpu=:subcpu time=15.908083800 pc=009500 addr=800006 canonical=06 data=0000 mask=00ff
S24MAME crkdown-io-write cpu=:subcpu time=15.925466800 pc=009500 addr=800006 canonical=06 data=0000 mask=00ff
S24MAME crkdown-io-write cpu=:subcpu time=15.942851800 pc=009500 addr=800006 canonical=06 data=0000 mask=00ff
S24MAME crkdown-io-write cpu=:subcpu time=15.960235800 pc=009500 addr=800006 canonical=06 data=0000 mask=00ff
S24MAME crkdown-io-write cpu=:subcpu time=15.977618800 pc=009500 addr=800006 canonical=06 data=0000 mask=00ff
S24MAME crkdown-io-write cpu=:subcpu time=15.995003800 pc=009500 addr=800006 canonical=06 data=0000 mask=00ff
S24MAME crkdown-io-write cpu=:subcpu time=16.012387800 pc=009500 addr=800006 canonical=06 data=0000 mask=00ff
S24MAME crkdown-io-write cpu=:subcpu time=16.029770800 pc=009500 addr=800006 canonical=06 data=0000 mask=00ff
S24MAME crkdown-io-write cpu=:subcpu time=16.047155800 pc=009500 addr=800006 canonical=06 data=0000 mask=00ff
S24MAME crkdown-io-write cpu=:subcpu time=16.064539800 pc=009500 addr=800006 canonical=06 data=0000 mask=00ff
S24MAME crkdown-io-write cpu=:subcpu time=16.081922800 pc=009500 addr=800006 canonical=06 data=0000 mask=00ff
S24MAME crkdown-io-write cpu=:subcpu time=16.099307800 pc=009500 addr=800006 canonical=06 data=0000 mask=00ff
S24MAME crkdown-io-write cpu=:subcpu time=16.116691800 pc=009500 addr=800006 canonical=06 data=0000 mask=00ff
S24MAME crkdown-io-write cpu=:subcpu time=16.134074800 pc=009500 addr=800006 canonical=06 data=0000 mask=00ff
S24MAME crkdown-io-write cpu=:subcpu time=16.151459800 pc=009500 addr=800006 canonical=06 data=0000 mask=00ff
S24MAME crkdown-io-write cpu=:subcpu time=16.168843800 pc=009500 addr=800006 canonical=06 data=0000 mask=00ff
S24MAME crkdown-io-write cpu=:subcpu time=16.186226800 pc=009500 addr=800006 canonical=06 data=0000 mask=00ff
S24MAME crkdown-io-write cpu=:subcpu time=16.203611800 pc=009500 addr=800006 canonical=06 data=0000 mask=00ff
S24MAME crkdown-io-write cpu=:subcpu time=16.220995800 pc=009500 addr=800006 canonical=06 data=0000 mask=00ff
S24MAME crkdown-io-write cpu=:subcpu time=16.238378800 pc=009500 addr=800006 canonical=06 data=0000 mask=00ff
S24MAME crkdown-io-write cpu=:subcpu time=16.255763800 pc=009500 addr=800006 canonical=06 data=0000 mask=00ff
S24MAME crkdown-io-write cpu=:subcpu time=16.273147800 pc=009500 addr=800006 canonical=06 data=0000 mask=00ff
S24MAME crkdown-io-write cpu=:subcpu time=16.290530800 pc=009500 addr=800006 canonical=06 data=0000 mask=00ff
S24MAME crkdown-io-write cpu=:subcpu time=16.307915800 pc=009500 addr=800006 canonical=06 data=0000 mask=00ff
S24MAME crkdown-io-write cpu=:subcpu time=16.325299800 pc=009500 addr=800006 canonical=06 data=0000 mask=00ff
S24MAME crkdown-io-write cpu=:subcpu time=16.342682800 pc=009500 addr=800006 canonical=06 data=0000 mask=00ff
S24MAME crkdown-io-write cpu=:subcpu time=16.360067800 pc=009500 addr=800006 canonical=06 data=0000 mask=00ff
S24MAME crkdown-io-write cpu=:subcpu time=16.377451800 pc=009500 addr=800006 canonical=06 data=0000 mask=00ff
S24MAME crkdown-io-write cpu=:subcpu time=16.394834800 pc=009500 addr=800006 canonical=06 data=0000 mask=00ff
S24MAME crkdown-io-write cpu=:subcpu time=16.412219800 pc=009500 addr=800006 canonical=06 data=0000 mask=00ff
S24MAME crkdown-io-write cpu=:subcpu time=16.429603800 pc=009500 addr=800006 canonical=06 data=0000 mask=00ff
S24MAME crkdown-io-write cpu=:subcpu time=16.446987800 pc=009500 addr=800006 canonical=06 data=0000 mask=00ff
S24MAME crkdown-io-write cpu=:subcpu time=16.464370800 pc=009500 addr=800006 canonical=06 data=0000 mask=00ff
S24MAME crkdown-io-write cpu=:subcpu time=16.481755800 pc=009500 addr=800006 canonical=06 data=0000 mask=00ff
S24MAME crkdown-io-write cpu=:subcpu time=16.499139800 pc=009500 addr=800006 canonical=06 data=0000 mask=00ff
S24MAME crkdown-io-write cpu=:subcpu time=16.516522800 pc=009500 addr=800006 canonical=06 data=0000 mask=00ff
S24MAME crkdown-io-write cpu=:subcpu time=16.533907800 pc=009500 addr=800006 canonical=06 data=0000 mask=00ff
S24MAME crkdown-fdc-write cpu=:maincpu time=16.541481700 pc=0021d4 addr=b00004 data=fefe mask=00ff
S24MAME crkdown-fdc-write cpu=:maincpu time=16.541491700 pc=0018a8 addr=b0000a data=0000 mask=00ff
S24MAME crkdown-io-write cpu=:maincpu time=16.551232100 pc=080818 addr=800006 canonical=06 data=0000 mask=00ff
S24MAME crkdown-io-write cpu=:maincpu time=16.568615100 pc=080818 addr=800006 canonical=06 data=0000 mask=00ff
S24MAME crkdown-io-write cpu=:maincpu time=16.586000100 pc=080818 addr=800006 canonical=06 data=0000 mask=00ff
S24MAME crkdown-io-write cpu=:maincpu time=16.603383100 pc=080818 addr=800006 canonical=06 data=0000 mask=00ff
S24MAME crkdown-io-write cpu=:maincpu time=16.620768100 pc=080818 addr=800006 canonical=06 data=0000 mask=00ff
S24MAME crkdown-io-write cpu=:maincpu time=16.638151100 pc=080818 addr=800006 canonical=06 data=0000 mask=00ff
S24MAME crkdown-io-write cpu=:maincpu time=16.655536100 pc=080818 addr=800006 canonical=06 data=0000 mask=00ff
S24MAME crkdown-io-write cpu=:maincpu time=16.672919100 pc=080818 addr=800006 canonical=06 data=0000 mask=00ff
S24MAME crkdown-io-write cpu=:maincpu time=16.690304100 pc=080818 addr=800006 canonical=06 data=0000 mask=00ff
S24MAME crkdown-check frame=961 time=16.707664 mainpc=08041a subpc=008e94
S24MAME crkdown-io-write cpu=:maincpu time=16.707687100 pc=080818 addr=800006 canonical=06 data=0000 mask=00ff
S24MAME crkdown-io-write cpu=:maincpu time=16.725072100 pc=080818 addr=800006 canonical=06 data=0000 mask=00ff
S24MAME crkdown-io-write cpu=:maincpu time=16.742455100 pc=080818 addr=800006 canonical=06 data=0000 mask=00ff
S24MAME crkdown-io-write cpu=:maincpu time=16.759840100 pc=080818 addr=800006 canonical=06 data=0000 mask=00ff
S24MAME crkdown-io-write cpu=:maincpu time=16.777223100 pc=080818 addr=800006 canonical=06 data=0000 mask=00ff
S24MAME crkdown-io-write cpu=:maincpu time=16.794608100 pc=080818 addr=800006 canonical=06 data=0000 mask=00ff
S24MAME crkdown-io-write cpu=:maincpu time=16.811991100 pc=080818 addr=800006 canonical=06 data=0000 mask=00ff
S24MAME crkdown-io-write cpu=:maincpu time=16.829376100 pc=080818 addr=800006 canonical=06 data=0000 mask=00ff
S24MAME crkdown-io-write cpu=:maincpu time=16.846759100 pc=080818 addr=800006 canonical=06 data=0000 mask=00ff
S24MAME crkdown-io-write cpu=:maincpu time=16.864144100 pc=080818 addr=800006 canonical=06 data=0000 mask=00ff
S24MAME crkdown-io-write cpu=:maincpu time=16.881527100 pc=080818 addr=800006 canonical=06 data=0000 mask=00ff
S24MAME crkdown-io-write cpu=:maincpu time=16.898912100 pc=080818 addr=800006 canonical=06 data=0000 mask=00ff
S24MAME crkdown-io-write cpu=:maincpu time=16.916295100 pc=080818 addr=800006 canonical=06 data=0000 mask=00ff
S24MAME crkdown-io-write cpu=:maincpu time=16.933680100 pc=080818 addr=800006 canonical=06 data=0000 mask=00ff
S24MAME crkdown-io-write cpu=:maincpu time=16.951063100 pc=080818 addr=800006 canonical=06 data=0000 mask=00ff
S24MAME crkdown-io-write cpu=:maincpu time=16.968448100 pc=080818 addr=800006 canonical=06 data=0000 mask=00ff
S24MAME crkdown-io-write cpu=:maincpu time=16.985831100 pc=080818 addr=800006 canonical=06 data=0000 mask=00ff
S24MAME crkdown-io-write cpu=:maincpu time=17.003216100 pc=080818 addr=800006 canonical=06 data=0000 mask=00ff
S24MAME crkdown-io-write cpu=:maincpu time=17.020599100 pc=080818 addr=800006 canonical=06 data=0000 mask=00ff
S24MAME crkdown-io-write cpu=:maincpu time=17.037984100 pc=080818 addr=800006 canonical=06 data=0000 mask=00ff
S24MAME crkdown-io-write cpu=:maincpu time=17.055367100 pc=080818 addr=800006 canonical=06 data=0000 mask=00ff
S24MAME crkdown-io-write cpu=:maincpu time=17.072752100 pc=080818 addr=800006 canonical=06 data=0000 mask=00ff
S24MAME crkdown-io-write cpu=:maincpu time=17.090135100 pc=080818 addr=800006 canonical=06 data=0000 mask=00ff
S24MAME crkdown-io-write cpu=:maincpu time=17.107520100 pc=080818 addr=800006 canonical=06 data=0000 mask=00ff
S24MAME crkdown-io-write cpu=:maincpu time=17.124903100 pc=080818 addr=800006 canonical=06 data=0000 mask=00ff
S24MAME crkdown-io-write cpu=:maincpu time=17.142288100 pc=080818 addr=800006 canonical=06 data=0000 mask=00ff
S24MAME crkdown-io-write cpu=:maincpu time=17.159671100 pc=080818 addr=800006 canonical=06 data=0000 mask=00ff
S24MAME crkdown-io-write cpu=:maincpu time=17.177056100 pc=080818 addr=800006 canonical=06 data=0000 mask=00ff
S24MAME crkdown-io-write cpu=:maincpu time=17.194439100 pc=080818 addr=800006 canonical=06 data=0000 mask=00ff
S24MAME crkdown-io-write cpu=:maincpu time=17.211824100 pc=080818 addr=800006 canonical=06 data=0000 mask=00ff
S24MAME crkdown-io-write cpu=:maincpu time=17.229207100 pc=080818 addr=800006 canonical=06 data=0000 mask=00ff
S24MAME crkdown-io-write cpu=:maincpu time=17.246592100 pc=080818 addr=800006 canonical=06 data=0000 mask=00ff
S24MAME crkdown-io-write cpu=:maincpu time=17.263975100 pc=080818 addr=800006 canonical=06 data=0000 mask=00ff
S24MAME crkdown-io-write cpu=:maincpu time=17.281360100 pc=080818 addr=800006 canonical=06 data=0000 mask=00ff
S24MAME crkdown-io-write cpu=:maincpu time=17.298743100 pc=080818 addr=800006 canonical=06 data=0000 mask=00ff
S24MAME crkdown-io-write cpu=:maincpu time=17.316128100 pc=080818 addr=800006 canonical=06 data=0000 mask=00ff
S24MAME crkdown-io-write cpu=:maincpu time=17.333511100 pc=080818 addr=800006 canonical=06 data=0000 mask=00ff
S24MAME crkdown-io-write cpu=:maincpu time=17.350896100 pc=080818 addr=800006 canonical=06 data=0000 mask=00ff
S24MAME crkdown-io-write cpu=:maincpu time=17.368279100 pc=080818 addr=800006 canonical=06 data=0000 mask=00ff
S24MAME crkdown-io-write cpu=:maincpu time=17.385664100 pc=080818 addr=800006 canonical=06 data=0000 mask=00ff
S24MAME crkdown-io-write cpu=:maincpu time=17.403047100 pc=080818 addr=800006 canonical=06 data=0000 mask=00ff
S24MAME crkdown-io-write cpu=:maincpu time=17.420432100 pc=080818 addr=800006 canonical=06 data=0000 mask=00ff
S24MAME crkdown-io-write cpu=:maincpu time=17.437815100 pc=080818 addr=800006 canonical=06 data=0000 mask=00ff
S24MAME crkdown-io-write cpu=:maincpu time=17.455200100 pc=080818 addr=800006 canonical=06 data=0000 mask=00ff
S24MAME crkdown-io-write cpu=:maincpu time=17.472583100 pc=080818 addr=800006 canonical=06 data=0000 mask=00ff
S24MAME crkdown-io-write cpu=:maincpu time=17.489968100 pc=080818 addr=800006 canonical=06 data=0000 mask=00ff
S24MAME crkdown-io-write cpu=:maincpu time=17.507351100 pc=080818 addr=800006 canonical=06 data=0000 mask=00ff
S24MAME crkdown-io-write cpu=:maincpu time=17.524736100 pc=080818 addr=800006 canonical=06 data=0000 mask=00ff
S24MAME crkdown-io-write cpu=:maincpu time=17.542119100 pc=080818 addr=800006 canonical=06 data=0000 mask=00ff
S24MAME crkdown-io-write cpu=:maincpu time=17.559504100 pc=080818 addr=800006 canonical=06 data=0000 mask=00ff
S24MAME crkdown-io-write cpu=:maincpu time=17.576887100 pc=080818 addr=800006 canonical=06 data=0000 mask=00ff
S24MAME crkdown-io-write cpu=:maincpu time=17.594272100 pc=080818 addr=800006 canonical=06 data=0000 mask=00ff
S24MAME crkdown-io-write cpu=:maincpu time=17.611655100 pc=080818 addr=800006 canonical=06 data=0000 mask=00ff
S24MAME crkdown-io-write cpu=:maincpu time=17.629040100 pc=080818 addr=800006 canonical=06 data=0000 mask=00ff
S24MAME crkdown-io-write cpu=:maincpu time=17.646423100 pc=080818 addr=800006 canonical=06 data=0000 mask=00ff
S24MAME crkdown-io-write cpu=:maincpu time=17.663808100 pc=080818 addr=800006 canonical=06 data=0000 mask=00ff
S24MAME crkdown-io-write cpu=:maincpu time=17.681191100 pc=080818 addr=800006 canonical=06 data=0000 mask=00ff
S24MAME crkdown-io-write cpu=:maincpu time=17.698576100 pc=080818 addr=800006 canonical=06 data=0000 mask=00ff
S24MAME crkdown-io-write cpu=:maincpu time=17.715959100 pc=080818 addr=800006 canonical=06 data=0000 mask=00ff
S24MAME crkdown-io-write cpu=:maincpu time=17.733344100 pc=080818 addr=800006 canonical=06 data=0000 mask=00ff
S24MAME crkdown-io-write cpu=:maincpu time=17.750727100 pc=080818 addr=800006 canonical=06 data=0000 mask=00ff
S24MAME crkdown-io-write cpu=:maincpu time=17.768112100 pc=080818 addr=800006 canonical=06 data=0000 mask=00ff
S24MAME crkdown-io-write cpu=:maincpu time=17.785495100 pc=080818 addr=800006 canonical=06 data=0000 mask=00ff
S24MAME crkdown-io-write cpu=:maincpu time=17.802880100 pc=080818 addr=800006 canonical=06 data=0000 mask=00ff
S24MAME crkdown-io-write cpu=:maincpu time=17.820263100 pc=080818 addr=800006 canonical=06 data=0000 mask=00ff
S24MAME crkdown-io-write cpu=:maincpu time=17.837648100 pc=080818 addr=800006 canonical=06 data=0000 mask=00ff
S24MAME crkdown-io-write cpu=:maincpu time=17.855031100 pc=080818 addr=800006 canonical=06 data=0000 mask=00ff
S24MAME crkdown-io-write cpu=:maincpu time=17.872416100 pc=080818 addr=800006 canonical=06 data=0000 mask=00ff
S24MAME crkdown-io-write cpu=:maincpu time=17.889799100 pc=080818 addr=800006 canonical=06 data=0000 mask=00ff
S24MAME crkdown-io-write cpu=:maincpu time=17.907184100 pc=080818 addr=800006 canonical=06 data=0000 mask=00ff
S24MAME crkdown-io-write cpu=:maincpu time=17.924567100 pc=080818 addr=800006 canonical=06 data=0000 mask=00ff
S24MAME crkdown-io-write cpu=:maincpu time=17.941952100 pc=080818 addr=800006 canonical=06 data=0000 mask=00ff
S24MAME crkdown-io-write cpu=:maincpu time=17.959335100 pc=080818 addr=800006 canonical=06 data=0000 mask=00ff
S24MAME crkdown-io-write cpu=:maincpu time=17.976720100 pc=080818 addr=800006 canonical=06 data=0000 mask=00ff
S24MAME crkdown-io-write cpu=:maincpu time=17.994103100 pc=080818 addr=800006 canonical=06 data=0000 mask=00ff
Average speed: 2042.69% (17 seconds)
