Getting list of Win32_PNPEntity devices failed. Error: 0x80041003
XInput device detection failed. XInput won't be used. Error: 0x80041003
S24MAME crkdown-io-write cpu=:maincpu time=0.000007000 pc=000410 addr=80001c canonical=1c data=0404 mask=00ff
S24MAME crkdown-io-write cpu=:maincpu time=0.000009000 pc=000418 addr=800006 canonical=06 data=0000 mask=00ff
S24MAME crkdown-io-write cpu=:maincpu time=0.000011000 pc=000420 addr=80001e canonical=1e data=8888 mask=00ff
S24MAME crkdown-check frame=1 time=0.019024 mainpc=000490 subpc=000000
S24MAME crkdown-check frame=121 time=2.105104 mainpc=0004ac subpc=000000
S24MAME crkdown-io-write cpu=:maincpu time=3.407566800 pc=003464 addr=80000e canonical=0e data=8080 mask=00ff
S24MAME crkdown-check frame=241 time=4.191184 mainpc=0017de subpc=000000
S24MAME crkdown-check frame=361 time=6.277264 mainpc=00166c subpc=000000
S24MAME crkdown-check frame=481 time=8.363344 mainpc=000ea4 subpc=000000
S24MAME crkdown-io-write cpu=:maincpu time=8.977053900 pc=0800c0 addr=80001e canonical=1e data=8888 mask=00ff
S24MAME crkdown-check frame=601 time=10.449424 mainpc=001936 subpc=000000
S24MAME crkdown-check frame=721 time=12.535504 mainpc=001924 subpc=000000
S24MAME crkdown-io-write cpu=:maincpu time=13.743866100 pc=0808cc addr=80001c canonical=1c data=0202 mask=00ff
S24MAME crkdown-io-write cpu=:maincpu time=13.746124700 pc=0808e8 addr=80001c canonical=1c data=0606 mask=00ff
S24MAME crkdown-check frame=841 time=14.621584 mainpc=08041a subpc=00912a
S24MAME crkdown-io-write cpu=:maincpu time=14.969288100 pc=080818 addr=800006 canonical=06 data=0000 mask=00ff
S24MAME crkdown-io-write cpu=:subcpu time=14.986731800 pc=009500 addr=800006 canonical=06 data=0000 mask=00ff
S24MAME crkdown-io-write cpu=:subcpu time=15.004115800 pc=009500 addr=800006 canonical=06 data=0000 mask=00ff
S24MAME crkdown-io-write cpu=:subcpu time=15.021498800 pc=009500 addr=800006 canonical=06 data=0000 mask=00ff
S24MAME crkdown-io-write cpu=:subcpu time=15.038882800 pc=009500 addr=800006 canonical=06 data=0000 mask=00ff
S24MAME crkdown-io-write cpu=:subcpu time=15.056266800 pc=009500 addr=800006 canonical=06 data=0000 mask=00ff
S24MAME crkdown-io-write cpu=:subcpu time=15.073650800 pc=009500 addr=800006 canonical=06 data=0000 mask=00ff
S24MAME crkdown-io-write cpu=:subcpu time=15.091036800 pc=009500 addr=800006 canonical=06 data=0000 mask=00ff
S24MAME crkdown-io-write cpu=:subcpu time=15.108418800 pc=009500 addr=800006 canonical=06 data=0000 mask=00ff
S24MAME crkdown-io-write cpu=:subcpu time=15.125802800 pc=009500 addr=800006 canonical=06 data=0000 mask=00ff
S24MAME crkdown-io-write cpu=:subcpu time=15.143186800 pc=009500 addr=800006 canonical=06 data=0000 mask=00ff
S24MAME crkdown-io-write cpu=:subcpu time=15.160570800 pc=009500 addr=800006 canonical=06 data=0000 mask=00ff
S24MAME crkdown-io-write cpu=:subcpu time=15.177954800 pc=009500 addr=800006 canonical=06 data=0000 mask=00ff
S24MAME crkdown-io-write cpu=:subcpu time=15.195338800 pc=009500 addr=800006 canonical=06 data=0000 mask=00ff
S24MAME crkdown-io-write cpu=:subcpu time=15.212722800 pc=009500 addr=800006 canonical=06 data=0000 mask=00ff
S24MAME crkdown-io-write cpu=:subcpu time=15.230106800 pc=009500 addr=800006 canonical=06 data=0000 mask=00ff
S24MAME crkdown-io-write cpu=:subcpu time=15.247490800 pc=009500 addr=800006 canonical=06 data=0000 mask=00ff
S24MAME crkdown-io-write cpu=:subcpu time=15.264874800 pc=009500 addr=800006 canonical=06 data=0000 mask=00ff
S24MAME crkdown-io-write cpu=:subcpu time=15.282258800 pc=009500 addr=800006 canonical=06 data=0000 mask=00ff
S24MAME crkdown-io-write cpu=:subcpu time=15.299642800 pc=009500 addr=800006 canonical=06 data=0000 mask=00ff
S24MAME crkdown-io-write cpu=:subcpu time=15.317026800 pc=009500 addr=800006 canonical=06 data=0000 mask=00ff
S24MAME crkdown-io-write cpu=:subcpu time=15.334410800 pc=009500 addr=800006 canonical=06 data=0000 mask=00ff
S24MAME crkdown-io-write cpu=:subcpu time=15.351794800 pc=009500 addr=800006 canonical=06 data=0000 mask=00ff
S24MAME crkdown-io-write cpu=:subcpu time=15.369178800 pc=009500 addr=800006 canonical=06 data=0000 mask=00ff
S24MAME crkdown-io-write cpu=:subcpu time=15.386562800 pc=009500 addr=800006 canonical=06 data=0000 mask=00ff
S24MAME crkdown-io-write cpu=:subcpu time=15.403946800 pc=009500 addr=800006 canonical=06 data=0000 mask=00ff
S24MAME crkdown-io-write cpu=:subcpu time=15.421330800 pc=009500 addr=800006 canonical=06 data=0000 mask=00ff
S24MAME crkdown-io-write cpu=:subcpu time=15.438714800 pc=009500 addr=800006 canonical=06 data=0000 mask=00ff
S24MAME crkdown-io-write cpu=:subcpu time=15.456098800 pc=009500 addr=800006 canonical=06 data=0000 mask=00ff
S24MAME crkdown-io-write cpu=:subcpu time=15.473482800 pc=009500 addr=800006 canonical=06 data=0000 mask=00ff
S24MAME crkdown-io-write cpu=:subcpu time=15.490866800 pc=009500 addr=800006 canonical=06 data=0000 mask=00ff
S24MAME crkdown-io-write cpu=:subcpu time=15.508250800 pc=009500 addr=800006 canonical=06 data=0000 mask=00ff
S24MAME crkdown-io-write cpu=:subcpu time=15.525634800 pc=009500 addr=800006 canonical=06 data=0000 mask=00ff
S24MAME crkdown-io-write cpu=:subcpu time=15.543018800 pc=009500 addr=800006 canonical=06 data=0000 mask=00ff
S24MAME crkdown-io-write cpu=:subcpu time=15.560402800 pc=009500 addr=800006 canonical=06 data=0000 mask=00ff
S24MAME crkdown-io-write cpu=:subcpu time=15.577786800 pc=009500 addr=800006 canonical=06 data=0000 mask=00ff
S24MAME crkdown-io-write cpu=:subcpu time=15.595170800 pc=009500 addr=800006 canonical=06 data=0000 mask=00ff
S24MAME crkdown-io-write cpu=:subcpu time=15.612554800 pc=009500 addr=800006 canonical=06 data=0000 mask=00ff
S24MAME crkdown-io-write cpu=:subcpu time=15.629938800 pc=009500 addr=800006 canonical=06 data=0000 mask=00ff
S24MAME crkdown-io-write cpu=:subcpu time=15.647322800 pc=009500 addr=800006 canonical=06 data=0000 mask=00ff
S24MAME crkdown-io-write cpu=:subcpu time=15.664706800 pc=009500 addr=800006 canonical=06 data=0000 mask=00ff
S24MAME crkdown-io-write cpu=:subcpu time=15.682090800 pc=009500 addr=800006 canonical=06 data=0000 mask=00ff
S24MAME crkdown-io-write cpu=:subcpu time=15.699474800 pc=009500 addr=800006 canonical=06 data=0000 mask=00ff
S24MAME crkdown-io-write cpu=:subcpu time=15.716858800 pc=009500 addr=800006 canonical=06 data=0000 mask=00ff
S24MAME crkdown-io-write cpu=:subcpu time=15.734242800 pc=009500 addr=800006 canonical=06 data=0000 mask=00ff
S24MAME crkdown-io-write cpu=:maincpu time=15.751568100 pc=080818 addr=800006 canonical=06 data=0000 mask=00ff
S24MAME crkdown-io-write cpu=:subcpu time=15.751699200 pc=02bafc addr=80001c canonical=1c data=0202 mask=00ff
S24MAME crkdown-io-write cpu=:subcpu time=15.753957800 pc=02bb18 addr=80001c canonical=1c data=0606 mask=00ff
S24MAME crkdown-io-write cpu=:maincpu time=15.768951100 pc=080818 addr=800006 canonical=06 data=0000 mask=00ff
S24MAME crkdown-io-write cpu=:maincpu time=15.786336100 pc=080818 addr=800006 canonical=06 data=0000 mask=00ff
S24MAME crkdown-io-write cpu=:maincpu time=15.803720100 pc=080818 addr=800006 canonical=06 data=0000 mask=00ff
S24MAME crkdown-io-write cpu=:maincpu time=15.821104100 pc=080818 addr=800006 canonical=06 data=0000 mask=00ff
S24MAME crkdown-io-write cpu=:maincpu time=15.838487100 pc=080818 addr=800006 canonical=06 data=0000 mask=00ff
S24MAME crkdown-io-write cpu=:maincpu time=15.855872100 pc=080818 addr=800006 canonical=06 data=0000 mask=00ff
S24MAME crkdown-io-write cpu=:maincpu time=15.873255100 pc=080818 addr=800006 canonical=06 data=0000 mask=00ff
S24MAME crkdown-io-write cpu=:maincpu time=15.890640100 pc=080818 addr=800006 canonical=06 data=0000 mask=00ff
S24MAME crkdown-io-write cpu=:subcpu time=15.908083800 pc=009500 addr=800006 canonical=06 data=0000 mask=00ff
S24MAME crkdown-io-write cpu=:subcpu time=15.925466800 pc=009500 addr=800006 canonical=06 data=0000 mask=00ff
S24MAME crkdown-io-write cpu=:subcpu time=15.942851800 pc=009500 addr=800006 canonical=06 data=0000 mask=00ff
S24MAME crkdown-io-write cpu=:subcpu time=15.960235800 pc=009500 addr=800006 canonical=06 data=0000 mask=00ff
S24MAME crkdown-io-write cpu=:subcpu time=15.977618800 pc=009500 addr=800006 canonical=06 data=0000 mask=00ff
S24MAME crkdown-io-write cpu=:subcpu time=15.995003800 pc=009500 addr=800006 canonical=06 data=0000 mask=00ff
S24MAME crkdown-io-write cpu=:subcpu time=16.012387800 pc=009500 addr=800006 canonical=06 data=0000 mask=00ff
S24MAME crkdown-io-write cpu=:subcpu time=16.029770800 pc=009500 addr=800006 canonical=06 data=0000 mask=00ff
S24MAME crkdown-io-write cpu=:subcpu time=16.047155800 pc=009500 addr=800006 canonical=06 data=0000 mask=00ff
S24MAME crkdown-io-write cpu=:subcpu time=16.064539800 pc=009500 addr=800006 canonical=06 data=0000 mask=00ff
S24MAME crkdown-io-write cpu=:subcpu time=16.081922800 pc=009500 addr=800006 canonical=06 data=0000 mask=00ff
S24MAME crkdown-io-write cpu=:subcpu time=16.099307800 pc=009500 addr=800006 canonical=06 data=0000 mask=00ff
S24MAME crkdown-io-write cpu=:subcpu time=16.116691800 pc=009500 addr=800006 canonical=06 data=0000 mask=00ff
S24MAME crkdown-io-write cpu=:subcpu time=16.134074800 pc=009500 addr=800006 canonical=06 data=0000 mask=00ff
S24MAME crkdown-io-write cpu=:subcpu time=16.151459800 pc=009500 addr=800006 canonical=06 data=0000 mask=00ff
S24MAME crkdown-io-write cpu=:subcpu time=16.168843800 pc=009500 addr=800006 canonical=06 data=0000 mask=00ff
S24MAME crkdown-io-write cpu=:subcpu time=16.186226800 pc=009500 addr=800006 canonical=06 data=0000 mask=00ff
S24MAME crkdown-io-write cpu=:subcpu time=16.203611800 pc=009500 addr=800006 canonical=06 data=0000 mask=00ff
S24MAME crkdown-io-write cpu=:subcpu time=16.220995800 pc=009500 addr=800006 canonical=06 data=0000 mask=00ff
S24MAME crkdown-io-write cpu=:subcpu time=16.238378800 pc=009500 addr=800006 canonical=06 data=0000 mask=00ff
S24MAME crkdown-io-write cpu=:subcpu time=16.255763800 pc=009500 addr=800006 canonical=06 data=0000 mask=00ff
S24MAME crkdown-io-write cpu=:subcpu time=16.273147800 pc=009500 addr=800006 canonical=06 data=0000 mask=00ff
S24MAME crkdown-io-write cpu=:subcpu time=16.290530800 pc=009500 addr=800006 canonical=06 data=0000 mask=00ff
S24MAME crkdown-io-write cpu=:subcpu time=16.307915800 pc=009500 addr=800006 canonical=06 data=0000 mask=00ff
S24MAME crkdown-io-write cpu=:subcpu time=16.325299800 pc=009500 addr=800006 canonical=06 data=0000 mask=00ff
S24MAME crkdown-io-write cpu=:subcpu time=16.342682800 pc=009500 addr=800006 canonical=06 data=0000 mask=00ff
S24MAME crkdown-io-write cpu=:subcpu time=16.360067800 pc=009500 addr=800006 canonical=06 data=0000 mask=00ff
S24MAME crkdown-io-write cpu=:subcpu time=16.377451800 pc=009500 addr=800006 canonical=06 data=0000 mask=00ff
S24MAME crkdown-io-write cpu=:subcpu time=16.394834800 pc=009500 addr=800006 canonical=06 data=0000 mask=00ff
S24MAME crkdown-io-write cpu=:subcpu time=16.412219800 pc=009500 addr=800006 canonical=06 data=0000 mask=00ff
S24MAME crkdown-io-write cpu=:subcpu time=16.429603800 pc=009500 addr=800006 canonical=06 data=0000 mask=00ff
S24MAME crkdown-io-write cpu=:subcpu time=16.446987800 pc=009500 addr=800006 canonical=06 data=0000 mask=00ff
S24MAME crkdown-io-write cpu=:subcpu time=16.464370800 pc=009500 addr=800006 canonical=06 data=0000 mask=00ff
S24MAME crkdown-io-write cpu=:subcpu time=16.481755800 pc=009500 addr=800006 canonical=06 data=0000 mask=00ff
S24MAME crkdown-io-write cpu=:subcpu time=16.499139800 pc=009500 addr=800006 canonical=06 data=0000 mask=00ff
S24MAME crkdown-io-write cpu=:subcpu time=16.516522800 pc=009500 addr=800006 canonical=06 data=0000 mask=00ff
S24MAME crkdown-io-write cpu=:subcpu time=16.533907800 pc=009500 addr=800006 canonical=06 data=0000 mask=00ff
S24MAME crkdown-io-write cpu=:maincpu time=16.551232100 pc=080818 addr=800006 canonical=06 data=0000 mask=00ff
S24MAME crkdown-io-write cpu=:maincpu time=16.568615100 pc=080818 addr=800006 canonical=06 data=0000 mask=00ff
S24MAME crkdown-io-write cpu=:maincpu time=16.586000100 pc=080818 addr=800006 canonical=06 data=0000 mask=00ff
S24MAME crkdown-io-write cpu=:maincpu time=16.603383100 pc=080818 addr=800006 canonical=06 data=0000 mask=00ff
S24MAME crkdown-io-write cpu=:maincpu time=16.620768100 pc=080818 addr=800006 canonical=06 data=0000 mask=00ff
S24MAME crkdown-io-write cpu=:maincpu time=16.638151100 pc=080818 addr=800006 canonical=06 data=0000 mask=00ff
S24MAME crkdown-io-write cpu=:maincpu time=16.655536100 pc=080818 addr=800006 canonical=06 data=0000 mask=00ff
S24MAME crkdown-io-write cpu=:maincpu time=16.672919100 pc=080818 addr=800006 canonical=06 data=0000 mask=00ff
S24MAME crkdown-io-write cpu=:maincpu time=16.690304100 pc=080818 addr=800006 canonical=06 data=0000 mask=00ff
S24MAME crkdown-check frame=961 time=16.707664 mainpc=08041a subpc=008e94
S24MAME crkdown-io-write cpu=:maincpu time=16.707687100 pc=080818 addr=800006 canonical=06 data=0000 mask=00ff
S24MAME crkdown-io-write cpu=:maincpu time=16.725072100 pc=080818 addr=800006 canonical=06 data=0000 mask=00ff
S24MAME crkdown-io-write cpu=:maincpu time=16.742455100 pc=080818 addr=800006 canonical=06 data=0000 mask=00ff
S24MAME crkdown-io-write cpu=:maincpu time=16.759840100 pc=080818 addr=800006 canonical=06 data=0000 mask=00ff
S24MAME crkdown-io-write cpu=:maincpu time=16.777223100 pc=080818 addr=800006 canonical=06 data=0000 mask=00ff
S24MAME crkdown-io-write cpu=:maincpu time=16.794608100 pc=080818 addr=800006 canonical=06 data=0000 mask=00ff
S24MAME crkdown-io-write cpu=:maincpu time=16.811991100 pc=080818 addr=800006 canonical=06 data=0000 mask=00ff
S24MAME crkdown-io-write cpu=:maincpu time=16.829376100 pc=080818 addr=800006 canonical=06 data=0000 mask=00ff
S24MAME crkdown-io-write cpu=:maincpu time=16.846759100 pc=080818 addr=800006 canonical=06 data=0000 mask=00ff
S24MAME crkdown-io-write cpu=:maincpu time=16.864144100 pc=080818 addr=800006 canonical=06 data=0000 mask=00ff
S24MAME crkdown-io-write cpu=:maincpu time=16.881527100 pc=080818 addr=800006 canonical=06 data=0000 mask=00ff
S24MAME crkdown-io-write cpu=:maincpu time=16.898912100 pc=080818 addr=800006 canonical=06 data=0000 mask=00ff
S24MAME crkdown-io-write cpu=:maincpu time=16.916295100 pc=080818 addr=800006 canonical=06 data=0000 mask=00ff
S24MAME crkdown-io-write cpu=:maincpu time=16.933680100 pc=080818 addr=800006 canonical=06 data=0000 mask=00ff
S24MAME crkdown-io-write cpu=:maincpu time=16.951063100 pc=080818 addr=800006 canonical=06 data=0000 mask=00ff
S24MAME crkdown-io-write cpu=:maincpu time=16.968448100 pc=080818 addr=800006 canonical=06 data=0000 mask=00ff
S24MAME crkdown-io-write cpu=:maincpu time=16.985831100 pc=080818 addr=800006 canonical=06 data=0000 mask=00ff
S24MAME crkdown-io-write cpu=:maincpu time=17.003216100 pc=080818 addr=800006 canonical=06 data=0000 mask=00ff
S24MAME crkdown-io-write cpu=:maincpu time=17.020599100 pc=080818 addr=800006 canonical=06 data=0000 mask=00ff
S24MAME crkdown-io-write cpu=:maincpu time=17.037984100 pc=080818 addr=800006 canonical=06 data=0000 mask=00ff
S24MAME crkdown-io-write cpu=:maincpu time=17.055367100 pc=080818 addr=800006 canonical=06 data=0000 mask=00ff
S24MAME crkdown-io-write cpu=:maincpu time=17.072752100 pc=080818 addr=800006 canonical=06 data=0000 mask=00ff
S24MAME crkdown-io-write cpu=:maincpu time=17.090135100 pc=080818 addr=800006 canonical=06 data=0000 mask=00ff
S24MAME crkdown-io-write cpu=:maincpu time=17.107520100 pc=080818 addr=800006 canonical=06 data=0000 mask=00ff
S24MAME crkdown-io-write cpu=:maincpu time=17.124903100 pc=080818 addr=800006 canonical=06 data=0000 mask=00ff
S24MAME crkdown-io-write cpu=:maincpu time=17.142288100 pc=080818 addr=800006 canonical=06 data=0000 mask=00ff
S24MAME crkdown-io-write cpu=:maincpu time=17.159671100 pc=080818 addr=800006 canonical=06 data=0000 mask=00ff
S24MAME crkdown-io-write cpu=:maincpu time=17.177056100 pc=080818 addr=800006 canonical=06 data=0000 mask=00ff
S24MAME crkdown-io-write cpu=:maincpu time=17.194439100 pc=080818 addr=800006 canonical=06 data=0000 mask=00ff
S24MAME crkdown-io-write cpu=:maincpu time=17.211824100 pc=080818 addr=800006 canonical=06 data=0000 mask=00ff
S24MAME crkdown-io-write cpu=:maincpu time=17.229207100 pc=080818 addr=800006 canonical=06 data=0000 mask=00ff
S24MAME crkdown-io-write cpu=:maincpu time=17.246592100 pc=080818 addr=800006 canonical=06 data=0000 mask=00ff
S24MAME crkdown-io-write cpu=:maincpu time=17.263975100 pc=080818 addr=800006 canonical=06 data=0000 mask=00ff
S24MAME crkdown-io-write cpu=:maincpu time=17.281360100 pc=080818 addr=800006 canonical=06 data=0000 mask=00ff
S24MAME crkdown-io-write cpu=:maincpu time=17.298743100 pc=080818 addr=800006 canonical=06 data=0000 mask=00ff
S24MAME crkdown-io-write cpu=:maincpu time=17.316128100 pc=080818 addr=800006 canonical=06 data=0000 mask=00ff
S24MAME crkdown-io-write cpu=:maincpu time=17.333511100 pc=080818 addr=800006 canonical=06 data=0000 mask=00ff
S24MAME crkdown-io-write cpu=:maincpu time=17.350896100 pc=080818 addr=800006 canonical=06 data=0000 mask=00ff
S24MAME crkdown-io-write cpu=:maincpu time=17.368279100 pc=080818 addr=800006 canonical=06 data=0000 mask=00ff
S24MAME crkdown-io-write cpu=:maincpu time=17.385664100 pc=080818 addr=800006 canonical=06 data=0000 mask=00ff
S24MAME crkdown-io-write cpu=:maincpu time=17.403047100 pc=080818 addr=800006 canonical=06 data=0000 mask=00ff
S24MAME crkdown-io-write cpu=:maincpu time=17.420432100 pc=080818 addr=800006 canonical=06 data=0000 mask=00ff
S24MAME crkdown-io-write cpu=:maincpu time=17.437815100 pc=080818 addr=800006 canonical=06 data=0000 mask=00ff
S24MAME crkdown-io-write cpu=:maincpu time=17.455200100 pc=080818 addr=800006 canonical=06 data=0000 mask=00ff
S24MAME crkdown-io-write cpu=:maincpu time=17.472583100 pc=080818 addr=800006 canonical=06 data=0000 mask=00ff
S24MAME crkdown-io-write cpu=:maincpu time=17.489968100 pc=080818 addr=800006 canonical=06 data=0000 mask=00ff
S24MAME crkdown-io-write cpu=:maincpu time=17.507351100 pc=080818 addr=800006 canonical=06 data=0000 mask=00ff
S24MAME crkdown-io-write cpu=:maincpu time=17.524736100 pc=080818 addr=800006 canonical=06 data=0000 mask=00ff
S24MAME crkdown-io-write cpu=:maincpu time=17.542119100 pc=080818 addr=800006 canonical=06 data=0000 mask=00ff
S24MAME crkdown-io-write cpu=:maincpu time=17.559504100 pc=080818 addr=800006 canonical=06 data=0000 mask=00ff
S24MAME crkdown-io-write cpu=:maincpu time=17.576887100 pc=080818 addr=800006 canonical=06 data=0000 mask=00ff
S24MAME crkdown-io-write cpu=:maincpu time=17.594272100 pc=080818 addr=800006 canonical=06 data=0000 mask=00ff
S24MAME crkdown-io-write cpu=:maincpu time=17.611655100 pc=080818 addr=800006 canonical=06 data=0000 mask=00ff
S24MAME crkdown-io-write cpu=:maincpu time=17.629040100 pc=080818 addr=800006 canonical=06 data=0000 mask=00ff
S24MAME crkdown-io-write cpu=:maincpu time=17.646423100 pc=080818 addr=800006 canonical=06 data=0000 mask=00ff
S24MAME crkdown-io-write cpu=:maincpu time=17.663808100 pc=080818 addr=800006 canonical=06 data=0000 mask=00ff
S24MAME crkdown-io-write cpu=:maincpu time=17.681191100 pc=080818 addr=800006 canonical=06 data=0000 mask=00ff
S24MAME crkdown-io-write cpu=:maincpu time=17.698576100 pc=080818 addr=800006 canonical=06 data=0000 mask=00ff
S24MAME crkdown-io-write cpu=:maincpu time=17.715959100 pc=080818 addr=800006 canonical=06 data=0000 mask=00ff
S24MAME crkdown-io-write cpu=:maincpu time=17.733344100 pc=080818 addr=800006 canonical=06 data=0000 mask=00ff
S24MAME crkdown-io-write cpu=:maincpu time=17.750727100 pc=080818 addr=800006 canonical=06 data=0000 mask=00ff
S24MAME crkdown-io-write cpu=:maincpu time=17.768112100 pc=080818 addr=800006 canonical=06 data=0000 mask=00ff
S24MAME crkdown-io-write cpu=:maincpu time=17.785495100 pc=080818 addr=800006 canonical=06 data=0000 mask=00ff
S24MAME crkdown-io-write cpu=:maincpu time=17.802880100 pc=080818 addr=800006 canonical=06 data=0000 mask=00ff
S24MAME crkdown-io-write cpu=:maincpu time=17.820263100 pc=080818 addr=800006 canonical=06 data=0000 mask=00ff
S24MAME crkdown-io-write cpu=:maincpu time=17.837648100 pc=080818 addr=800006 canonical=06 data=0000 mask=00ff
S24MAME crkdown-io-write cpu=:maincpu time=17.855031100 pc=080818 addr=800006 canonical=06 data=0000 mask=00ff
S24MAME crkdown-io-write cpu=:maincpu time=17.872416100 pc=080818 addr=800006 canonical=06 data=0000 mask=00ff
S24MAME crkdown-io-write cpu=:maincpu time=17.889799100 pc=080818 addr=800006 canonical=06 data=0000 mask=00ff
S24MAME crkdown-io-write cpu=:maincpu time=17.907184100 pc=080818 addr=800006 canonical=06 data=0000 mask=00ff
S24MAME crkdown-io-write cpu=:maincpu time=17.924567100 pc=080818 addr=800006 canonical=06 data=0000 mask=00ff
S24MAME crkdown-io-write cpu=:maincpu time=17.941952100 pc=080818 addr=800006 canonical=06 data=0000 mask=00ff
S24MAME crkdown-io-write cpu=:maincpu time=17.959335100 pc=080818 addr=800006 canonical=06 data=0000 mask=00ff
S24MAME crkdown-io-write cpu=:maincpu time=17.976720100 pc=080818 addr=800006 canonical=06 data=0000 mask=00ff
S24MAME crkdown-io-write cpu=:maincpu time=17.994103100 pc=080818 addr=800006 canonical=06 data=0000 mask=00ff
Average speed: 2136.38% (17 seconds)
