# mame_mcp ioport list
PORT	:COINAGE	FIELD	Coin A
PORT	:COINAGE	FIELD	Coin B
PORT	:DSW	FIELD	Flip Screen
PORT	:DSW	FIELD	Unused
PORT	:DSW	FIELD	Coin Chute
PORT	:P1	FIELD	P1 Left
PORT	:P1	FIELD	P1 Button 1
PORT	:P1	FIELD	P1 Button 2
PORT	:P1	FIELD	P1 Button 3
PORT	:P1	FIELD	P1 Up
PORT	:P1	FIELD	P1 Right
PORT	:P1	FIELD	P1 Down
PORT	:P1	FIELD	Service 2
PORT	:P2	FIELD	P2 Button 1
PORT	:P2	FIELD	P2 Button 2
PORT	:P2	FIELD	P2 Button 3
PORT	:P2	FIELD	P2 Left
PORT	:P2	FIELD	P2 Right
PORT	:P2	FIELD	P2 Down
PORT	:P2	FIELD	P2 Up
PORT	:P2	FIELD	Service 3
PORT	:SERVICE	FIELD	Coin 1
PORT	:SERVICE	FIELD	Coin 3
PORT	:SERVICE	FIELD	2 Players Start
PORT	:SERVICE	FIELD	Coin 2
PORT	:SERVICE	FIELD	1 Player Start
PORT	:SERVICE	FIELD	Service 1
PORT	:SERVICE	FIELD	Service
PORT	:SERVICE	FIELD	Coin 4
