# mame_mcp ioport list
PORT	:COINAGE	FIELD	Coin B
PORT	:COINAGE	FIELD	Coin A
PORT	:DIAL1	FIELD	Dial
PORT	:DIAL2	FIELD	Dial 2
PORT	:DIAL3	FIELD	Dial 3
PORT	:DIAL4	FIELD	Dial 4
PORT	:DSW	FIELD	Start Credit
PORT	:DSW	FIELD	Coin Chute
PORT	:DSW	FIELD	Unused
PORT	:DSW	FIELD	Flip Screen
PORT	:P1	FIELD	Coin 8
PORT	:P1	FIELD	Coin 2
PORT	:P1	FIELD	Coin 4
PORT	:P1	FIELD	Coin 5
PORT	:P1	FIELD	Coin 7
PORT	:P1	FIELD	Coin 1
PORT	:P1	FIELD	Coin 6
PORT	:P1	FIELD	Coin 3
PORT	:P2	FIELD	Service 2
PORT	:P2	FIELD	Service 4
PORT	:P2	FIELD	Service 1
PORT	:P2	FIELD	Service 3
PORT	:PEDAL1	FIELD	P1 Pedal 1
PORT	:PEDAL2	FIELD	P2 Pedal 1
PORT	:PEDAL3	FIELD	P3 Pedal 1
PORT	:PEDAL4	FIELD	P4 Pedal 1
PORT	:SERVICE	FIELD	Coin 4
PORT	:SERVICE	FIELD	Coin 2
PORT	:SERVICE	FIELD	Service 1
PORT	:SERVICE	FIELD	Coin 3
PORT	:SERVICE	FIELD	1 Player Start
PORT	:SERVICE	FIELD	Coin 1
PORT	:SERVICE	FIELD	2 Players Start
PORT	:SERVICE	FIELD	Service
